Renesas Optimizing Linker (W3.07.00 )             06-May-2025 10:51:22

*** Options ***

-MAKEUD=Obj\Release\DRPEVB_with_Billboard.lk.ud
-subcommand=Obj\Release\DRPEVB_with_Billboard.clnk
-Input=Obj\Release\bbc_main.obj
-Input=Obj\Release\crc16.obj
-Input=Obj\Release\measure_pkt.obj
-Input=Obj\Release\pd_param.obj
-Input=Obj\Release\recv_pkt.obj
-Input=Obj\Release\swusb.obj
-Input=Obj\Release\swusb_io.obj
-Input=Obj\Release\swusb_ram.obj
-Input=Obj\Release\xmit_pkt.obj
-Input=Obj\Release\cstart.obj
-Input=Obj\Release\r_systeminit.obj
-Input=Obj\Release\stkinit.obj
-Input=Obj\Release\smbm_ctrl.obj
-Input=Obj\Release\user_timer.obj
-Input=Obj\Release\dcdc_ctrl.obj
-Input=Obj\Release\led_ctrl.obj
-Input=Obj\Release\sw_ctrl.obj
-Input=Obj\Release\user_main.obj
-Input=Obj\Release\user_main_protection.obj
-Input=Obj\Release\pd_defs.obj
-Input=Obj\Release\r_main.obj
-Input=Obj\Release\R_Main_UserInit.obj
-Input=Obj\Release\isl95338.obj
-Input=Obj\Release\subdev_ctrl.obj
-LIBrary=..\..\PDC\Lib\R9A02G011PDC.lib
-SECURITY_ID=00000000000000000000
-DEVICE=C:\Program Files (x86)\Renesas Electronics\CS+\CC\Device\RL78\Devicefile\DR9A02G011.DVF
-DEBug
-NOCOmpress
-NOOPtimize
-OUtput=Obj\Release\DRPEVB_with_Billboard.abs
-LIBrary=C:\Program Files (x86)\Renesas Electronics\CS+\CC\CC-RL\V1.15.00\lib\rl78em4s.lib
-LIBrary=C:\Program Files (x86)\Renesas Electronics\CS+\CC\CC-RL\V1.15.00\lib\malloc_n.lib
-LIBrary=C:\Program Files (x86)\Renesas Electronics\CS+\CC\CC-RL\V1.15.00\lib\rl78em4r.lib
-OCDBG=04
-USER_OPT_BYTE=7F7BE0
-LISt=Obj\Release\DRPEVB_with_Billboard.map
-SHow=SYmbol,Reference,Total_size,VECTOR,STRUCT
-STARt=.const,.text,.RLIB,.SLIB,.textf,.constf,.data,.sdata/02010,.dataR,.bss/FF958,.stack_bss/FFDA0,.sdataR,.sbss/FFE20
-ROm=.data=.dataR
-ROm=.sdata=.sdataR
-NOMessage
-STACk
-NOLOgo
-end

*** Error information ***

*** Mapping List ***

SECTION                            START      END         SIZE   ALIGN
.vect
                                  00000000  0000007f        80   0
.option_byte
                                  000000c0  000000c3         4   1
.security_id
                                  000000c4  000000cd         a   1
.jtext_AT2000
                                  00002000  0000200d         e   1
.const
                                  00002010  00002444       435   2
.text
                                  00002445  000025b0       16c   1
.RLIB
                                  000025b1  000025ce        1e   1
.SLIB
                                  000025cf  000025cf         0   1
.textf
                                  000025cf  0000c29b      9ccd   1
.constf
                                  0000c29c  0000c29c         0   2
.data
                                  0000c29c  0000c2af        14   2
.sdata
                                  0000c2b0  0000c2b0         0   2
.jtext_ATF700
                                  0000f700  0000faff       400   1
.jtext_ATFBFC
                                  0000fbfc  0000fbfd         2   1
.bss_ATFF900
                                  000ff900  000ff957        58   1
.dataR
                                  000ff958  000ff96b        14   2
.bss
                                  000ff96c  000ffbb9       24e   2
.stack_bss
                                  000ffda0  000ffe1f        80   2
.sdataR
                                  000ffe20  000ffe20         0   2
.sbss
                                  000ffe20  000ffedf        c0   2

*** Total Section Size ***

RAMDATA SECTION:  000003fa Byte(s)
ROMDATA SECTION:  000004d7 Byte(s)
PROGRAM SECTION:  0000a267 Byte(s)

*** Symbol List ***

SECTION=
FILE=                               START        END    SIZE
  SYMBOL                            ADDR        SIZE    INFO      COUNTS  OPT
    STRUCT                                      SIZE
      MEMBER                        ADDR        SIZE    INFO

SECTION=.vect
FILE=rlink_generates_03
                                  00000000  0000007f        80

SECTION=.option_byte
FILE=rlink_generates_01
                                  000000c0  000000c3         4

SECTION=.security_id
FILE=rlink_generates_02
                                  000000c4  000000cd         a

SECTION=.jtext_AT2000
FILE=Obj\Release\cstart.obj
                                  00002000  0000200d         e

SECTION=.const
FILE=Obj\Release\crc16.obj
                                  00002010  0000220f       200
  _g_crc_tbl_swap
                                  00002010       200   data ,g         3
FILE=Obj\Release\swusb.obj
                                  00002210  0000221f        10
  _vdo_param_ptr@11@make_in_data_billboard_alternate_mode_capability@1
                                  00002210        10   data ,l         1
FILE=Obj\Release\user_main_protection.obj
                                  00002220  0000223f        20
  _temp_table_volt@2@user_func_chk_device
                                  00002220        10   data ,l         2
  _temp_table_temp@1@user_func_chk_device
                                  00002230        10   data ,l         1
FILE=Obj\Release\pd_defs.obj
                                  00002240  000022cb        8c
  _PD_SPEC_REV
                                  00002240         1   data ,g         4
  _PD_PDM_SPRT_GET_SRCCAP_E
                                  00002241         1   data ,g         1
  _PD_PDM_SPRT_GET_BAT_CAP
                                  00002242         1   data ,g         1
  _PD_PDM_SPRT_GET_BAT_STATUS
                                  00002243         1   data ,g         1
  _PD_PDM_SPRT_GET_PPS_STATUS
                                  00002244         1   data ,g         1
  _PD_PDM_SPRT_GET_MFI
                                  00002245         1   data ,g         1
  _PD_PDM_SPRT_GET_SNKCAP_E
                                  00002246         1   data ,g         1
  _PD_VID
                                  00002248         2   data ,g         3
  _PD_PID
                                  0000224a         2   data ,g         3
  _PD_XID
                                  0000224c         4   data ,g         4
  _PD_BCD_DEVICE
                                  00002250         2   data ,g         1
  _PD_FW_VER
                                  00002252         1   data ,g         1
  _PD_HW_VER
                                  00002253         1   data ,g         2
  _PD_USB_COMM_CAPABLE
                                  00002254         1   data ,g         1
  _PD_IS_USB_HOST
                                  00002255         1   data ,g         1
  _PD_IS_USB_DEVICE
                                  00002256         1   data ,g         1
  _PD_USB_SUSPEND_SUPPORT
                                  00002257         1   data ,g         1
  _PD_NO_USB_SUSPEND
                                  00002258         1   data ,g         1
  _PD_PRODUCT_TYPE_UFP
                                  00002259         1   data ,g         1
  _PD_PRODUCT_TYPE_DFP
                                  0000225a         1   data ,g         1
  _PD_MODAL_OPE_SUPPORT
                                  0000225b         1   data ,g         1
  _PD_CONNECTOR_TYPE
                                  0000225c         1   data ,g         3
  _PD_DEVICE_CAP
                                  0000225d         1   data ,g         1
  _PD_HOST_CAP
                                  0000225e         1   data ,g         1
  _PD_PORT_NUM
                                  0000225f         1   data ,g         1
  _PD_UFP_VDO
                                  00002260         2   data ,g         1
  _PD_SRC_PDO1_PEAK_CUR
                                  00002262         1   data ,g         1
  _PD_SNK_PDO1_FR_SWAP_REQ
                                  00002263         1   data ,g         2
  _PD_SRC_PDO1_MAX_CUR
                                  00002264         2   data ,g         1
  _PD_SNK_PDO1_OPE_CUR
                                  00002266         2   data ,g         2
  _PD_SRC_PDO2
                                  00002268         4   data ,g         3
  _PD_SRC_PDO3
                                  0000226c         4   data ,g         2
  _PD_SRC_PDO4
                                  00002270         4   data ,g         2
  _PD_SRC_PDO5
                                  00002274         4   data ,g         2
  _PD_SRC_PDO6
                                  00002278         4   data ,g         2
  _PD_SRC_PDO7
                                  0000227c         4   data ,g         2
  _PD_SNK_PDO2
                                  00002280         4   data ,g         2
  _PD_SNK_PDO3
                                  00002284         4   data ,g         2
  _PD_SNK_PDO4
                                  00002288         4   data ,g         2
  _PD_SNK_PDO5
                                  0000228c         4   data ,g         2
  _PD_SNK_PDO6
                                  00002290         4   data ,g         2
  _PD_SNK_PDO7
                                  00002294         4   data ,g         2
  _PD_SCEDB_VOLT_REG
                                  00002298         1   data ,g         1
  _PD_SCEDB_HOLDUP_TIME
                                  00002299         1   data ,g         1
  _PD_SCEDB_COMPLIANCE
                                  0000229a         1   data ,g         1
  _PD_SCEDB_TOUCH_CUR
                                  0000229b         1   data ,g         1
  _PD_SCEDB_PEAK_CUR1
                                  0000229c         2   data ,g         1
  _PD_SCEDB_PEAK_CUR2
                                  0000229e         2   data ,g         1
  _PD_SCEDB_PEAK_CUR3
                                  000022a0         2   data ,g         1
  _PD_SCEDB_TOUCH_TEMP
                                  000022a2         1   data ,g         1
  _PD_SCEDB_BATTERIES
                                  000022a3         1   data ,g         1
  _PD_SCEDB_SRC_PDP
                                  000022a4         1   data ,g         1
  _PD_SKEDB_VERSION
                                  000022a5         1   data ,g         1
  _PD_SKEDB_LOAD_STEP
                                  000022a6         1   data ,g         1
  _PD_SKEDB_LOAD_CHARA
                                  000022a8         2   data ,g         1
  _PD_SKEDB_COMPLIANCE
                                  000022aa         1   data ,g         1
  _PD_SKEDB_TOUCH_TEMP
                                  000022ab         1   data ,g         1
  _PD_SKEDB_BAT_INFO
                                  000022ac         1   data ,g         1
  _PD_SKEDB_SNK_MODES
                                  000022ad         1   data ,g         1
  _PD_SKEDB_SNK_MIN_PDP
                                  000022ae         1   data ,g         1
  _PD_SKEDB_SNK_OPE_PDP
                                  000022af         1   data ,g         1
  _PD_SKEDB_SNK_MAX_PDP
                                  000022b0         1   data ,g         1
  _PD_NUM_OF_MFI_STR
                                  000022b1         1   data ,g         1
  _PD_MFI_STR01
                                  000022b2         1   data ,g         1
  _PD_MFI_STR02
                                  000022b3         1   data ,g         1
  _PD_MFI_STR03
                                  000022b4         1   data ,g         1
  _PD_MFI_STR04
                                  000022b5         1   data ,g         1
  _PD_MFI_STR05
                                  000022b6         1   data ,g         1
  _PD_MFI_STR06
                                  000022b7         1   data ,g         1
  _PD_MFI_STR07
                                  000022b8         1   data ,g         1
  _PD_MFI_STR08
                                  000022b9         1   data ,g         1
  _PD_MFI_STR09
                                  000022ba         1   data ,g         1
  _PD_MFI_STR10
                                  000022bb         1   data ,g         1
  _PD_MFI_STR11
                                  000022bc         1   data ,g         1
  _PD_MFI_STR12
                                  000022bd         1   data ,g         1
  _PD_MFI_STR13
                                  000022be         1   data ,g         1
  _PD_MFI_STR14
                                  000022bf         1   data ,g         1
  _PD_MFI_STR15
                                  000022c0         1   data ,g         1
  _PD_MFI_STR16
                                  000022c1         1   data ,g         1
  _PD_MFI_STR17
                                  000022c2         1   data ,g         1
  _PD_MFI_STR18
                                  000022c3         1   data ,g         1
  _PD_MFI_STR19
                                  000022c4         1   data ,g         1
  _PD_MFI_STR20
                                  000022c5         1   data ,g         1
  _PD_MFI_STR21
                                  000022c6         1   data ,g         1
  _PD_MFI_STR22
                                  000022c7         1   data ,g         1
  _PD_SND_MESS_SIZE
                                  000022c8         2   data ,g         0
  _PD_RCV_MESS_SIZE
                                  000022ca         2   data ,g         1
FILE=Obj\Release\isl95338.obj
                                  000022cc  0000230a        3f
FILE=Obj\Release\subdev_ctrl.obj
                                  0000230c  00002393        88
  _ucBitMask@1
                                  0000230c         8   data ,l         6
  _ulSuvdevInitFunc@2
                                  00002314        20   data ,l         2
  _ulSuvdevAlertFunc@3
                                  00002334        20   data ,l         0
  _ulSubdevFunc@4
                                  00002354        20   data ,l         2
  _ulSubdevResetFunc@5
                                  00002374        20   data ,l         0
FILE=pd_core
                                  00002394  0000239f         c
  _TM_VAL_PWR_CTRL
                                  00002394         c   data ,g         0
FILE=pd_main
                                  000023a0  000023df        40
  _DEF_VAL_TM16
                                  000023a0        18   data ,g         b
  _DEF_VAL_TM8
                                  000023b8        14   data ,g        17
  _DEF_CNT_MAX
                                  000023cc         4   data ,g         3
  _DEF_VAL_TM_PS
                                  000023d0        10   data ,g         6
FILE=libdef_pdc
                                  000023e0  000023f3        14
FILE=pol_eng
                                  000023f4  00002444        51

SECTION=.text
FILE=Obj\Release\cstart.obj
                                  00002445  000024a2        5e
  _start
                                  00002445         0   none ,g         1
  _exit
                                  000024a1         0   none ,g         1
FILE=interrupt
                                  000024a3  000025b0       10e
  _r_INTP0_interrupt@1
                                  000024a3         d   func ,l         0
  _r_INTP1_interrupt@1
                                  000024b0         e   func ,l         0
  _r_INTP2_interrupt@1
                                  000024be         e   func ,l         0
  _r_INTP3_interrupt@1
                                  000024cc         e   func ,l         0
  _r_INTP4_interrupt@1
                                  000024da         e   func ,l         0
  _r_INTP5_interrupt@1
                                  000024e8         e   func ,l         0
  _r_INTP6_interrupt@1
                                  000024f6         e   func ,l         0
  _r_INTTM00_interrupt@1
                                  00002504         e   func ,l         0
  _r_INTTM01_interrupt@1
                                  00002512         e   func ,l         0
  _r_INTTM02_interrupt@1
                                  00002520         d   func ,l         0
  _r_INTTM03_interrupt@1
                                  0000252d         d   func ,l         0
  _r_INTAD_interrupt@1
                                  0000253a         d   func ,l         0
  _r_PDCTRL_interrupt@1
                                  00002547         d   func ,l         0
  _r_INTSMBMST_interrupt@1
                                  00002554         d   func ,l         0
  _r_INTSMBLSV_interrupt@1
                                  00002561         d   func ,l         0
  _r_INTTCSCNT_interrupt@1
                                  0000256e         d   func ,l         0
  _r_INTP7_interrupt@1
                                  0000257b         d   func ,l         0
  _r_INTIICA0_interrupt@1
                                  00002588         d   func ,l         0
  _r_INTIT_interrupt@1
                                  00002595         d   func ,l         0
  __CommonCode@0
                                  000025a2         7   func ,l        13
  __CommonCode@1
                                  000025a9         8   func ,l        13

SECTION=.RLIB
FILE=memcpy
                                  000025b1  000025c0        10
  _memcpy
                                  000025b1         0   none ,g         2
FILE=memset
                                  000025c1  000025ce         e
  _memset
                                  000025c1         0   none ,g         1

SECTION=.textf
FILE=Obj\Release\bbc_main.obj
                                  000025cf  00002696        c8
  _main_loop_normal
                                  000025cf         a   func ,g         0
  _main_loop_toggle
                                  000025d9        52   func ,g         0
  _main_loop_measure
                                  0000262b         e   func ,g         0
  _main_loop_halt
                                  00002639         c   func ,g         0
  _main_loop_heavy
                                  00002645        22   func ,g         0
  _bbc_main
                                  00002667        30   func ,g         1
FILE=Obj\Release\measure_pkt.obj
                                  00002697  00002bc7       531
  _swusb_measure_pkt
                                  00002697         0   none ,g         1
  wait_j
                                  0000269b         0   none ,l         1
  found_reset
                                  000026b1         0   none ,l         1
  found_resume
                                  000026b6         0   none ,l         1
  found_j
                                  000026bb         0   none ,l         6
  found_k
                                  000026dc         0   none ,l         7
  dp_prepare
                                  0000270c         0   none ,l         0
  dm_prepare
                                  00002711         0   none ,l         1
  dm_end
                                  00002714         0   none ,l        24
  dp_entry
                                  0000271c         0   none ,l         1
  dp_falled0
                                  0000283f         0   none ,l         1
  dp_falled1
                                  00002847         0   none ,l         1
  dp_falled2
                                  0000284f         0   none ,l         1
  dp_falled3
                                  00002857         0   none ,l         1
  dp_falled4
                                  0000285f         0   none ,l         1
  dp_falled5
                                  00002867         0   none ,l         1
  dp_falled6
                                  0000286f         0   none ,l         1
  dp_falled7
                                  00002877         0   none ,l         1
  dp_falled8
                                  0000287f         0   none ,l         1
  dp_falled9
                                  00002887         0   none ,l         1
  dp_falled10
                                  0000288f         0   none ,l         1
  dp_falled11
                                  00002897         0   none ,l         1
  dp_falled12
                                  0000289f         0   none ,l         1
  dp_falled13
                                  000028a7         0   none ,l         1
  dp_falled14
                                  000028af         0   none ,l         1
  dp_falled15
                                  000028b7         0   none ,l         1
  dp_falled16
                                  000028bf         0   none ,l         1
  dp_falled17
                                  000028c7         0   none ,l         1
  dp_falled18
                                  000028cf         0   none ,l         1
  dp_falled19
                                  000028d7         0   none ,l         1
  dp_falled20
                                  000028df         0   none ,l         1
  dp_falled21
                                  000028e7         0   none ,l         1
  dp_falled22
                                  000028ef         0   none ,l         1
  dp_falled23
                                  000028f7         0   none ,l         1
  dp_falled24
                                  000028ff         0   none ,l         1
  dp_falled25
                                  00002907         0   none ,l         1
  dp_falled26
                                  0000290f         0   none ,l         1
  dp_falled27
                                  00002917         0   none ,l         1
  dp_falled28
                                  0000291f         0   none ,l         1
  dp_falled29
                                  00002927         0   none ,l         1
  dp_falled30
                                  0000292f         0   none ,l         1
  dp_falled31
                                  00002937         0   none ,l         1
  dp_falled32
                                  0000293f         0   none ,l         1
  dp_falled33
                                  00002947         0   none ,l         1
  dp_falled34
                                  0000294f         0   none ,l         1
  dp_falled35
                                  00002957         0   none ,l         1
  dp_end
                                  0000295f         0   none ,l        24
  dm_entry
                                  00002967         0   none ,l         1
  dm_falled0
                                  00002a8a         0   none ,l         1
  dm_falled1
                                  00002a92         0   none ,l         1
  dm_falled2
                                  00002a9a         0   none ,l         1
  dm_falled3
                                  00002aa2         0   none ,l         1
  dm_falled4
                                  00002aaa         0   none ,l         1
  dm_falled5
                                  00002ab2         0   none ,l         1
  dm_falled6
                                  00002aba         0   none ,l         1
  dm_falled7
                                  00002ac2         0   none ,l         1
  dm_falled8
                                  00002aca         0   none ,l         1
  dm_falled9
                                  00002ad2         0   none ,l         1
  dm_falled10
                                  00002ada         0   none ,l         1
  dm_falled11
                                  00002ae2         0   none ,l         1
  dm_falled12
                                  00002aea         0   none ,l         1
  dm_falled13
                                  00002af2         0   none ,l         1
  dm_falled14
                                  00002afa         0   none ,l         1
  dm_falled15
                                  00002b02         0   none ,l         1
  dm_falled16
                                  00002b0a         0   none ,l         1
  dm_falled17
                                  00002b12         0   none ,l         1
  dm_falled18
                                  00002b1a         0   none ,l         1
  dm_falled19
                                  00002b22         0   none ,l         1
  dm_falled20
                                  00002b2a         0   none ,l         1
  dm_falled21
                                  00002b32         0   none ,l         1
  dm_falled22
                                  00002b3a         0   none ,l         1
  dm_falled23
                                  00002b42         0   none ,l         1
  dm_falled24
                                  00002b4a         0   none ,l         1
  dm_falled25
                                  00002b52         0   none ,l         1
  dm_falled26
                                  00002b5a         0   none ,l         1
  dm_falled27
                                  00002b62         0   none ,l         1
  dm_falled28
                                  00002b6a         0   none ,l         1
  dm_falled29
                                  00002b72         0   none ,l         1
  dm_falled30
                                  00002b7a         0   none ,l         1
  dm_falled31
                                  00002b82         0   none ,l         1
  dm_falled32
                                  00002b8a         0   none ,l         1
  dm_falled33
                                  00002b92         0   none ,l         1
  dm_falled34
                                  00002b9a         0   none ,l         1
  dm_falled35
                                  00002ba2         0   none ,l         1
  eop
                                  00002baa         0   none ,l         2
  bit_stuff_error
                                  00002bbe         0   none ,l         2
FILE=Obj\Release\recv_pkt.obj
                                  00002bc8  00002e15       24e
  _swusb_recv_pkt
                                  00002bc8         0   none ,g         1
  wait_j
                                  00002bcb         0   none ,l         1
  found_reset
                                  00002bdf         0   none ,l         1
  found_resume
                                  00002be2         0   none ,l         1
  found_j
                                  00002be5         0   none ,l         6
  found_k
                                  00002c04         0   none ,l         7
  readb1
                                  00002c35         0   none ,l         1
  stuffb0_done
                                  00002c35         0   none ,l         1
  stuffb1_done
                                  00002c53         0   none ,l         1
  stuffb2_done
                                  00002c6e         0   none ,l         1
  rateb2
                                  00002c79         0   none ,l         1
  stuffb3_done
                                  00002c90         0   none ,l         1
  stuffb4_done
                                  00002cb0         0   none ,l         1
  stuffb5_done
                                  00002cd0         0   none ,l         1
  stuffb6_done
                                  00002cf3         0   none ,l         1
  rateb6
                                  00002cfe         0   none ,l         1
  stuffb7_done
                                  00002d15         0   none ,l         1
  decode_start
                                  00002d1f         0   none ,l         1
  stuffb1
                                  00002d5a         0   none ,l         1
  stuffb2
                                  00002d6f         0   none ,l         1
  stuffb3
                                  00002d84         0   none ,l         1
  stuff_error_r
                                  00002d99         0   none ,l         4
  stuffb4
                                  00002d9b         0   none ,l         1
  stuffb5
                                  00002db0         0   none ,l         1
  stuffb6
                                  00002dc5         0   none ,l         1
  stuffb7
                                  00002dda         0   none ,l         1
  stuff_error
                                  00002df3         0   none ,l         4
  eop
                                  00002df8         0   none ,l         2
  overrun
                                  00002e11         0   none ,l         1
FILE=Obj\Release\swusb.obj
                                  00002e16  000038c1       aac
  _msg
                                  00002e16        2f   func ,g         5
  _msghalt
                                  00002e45        12   func ,g         0
  _msgd
                                  00002e57        2d   func ,g         0
  _crc5_calc@1
                                  00002e84        24   func ,l         1
  _request_measure_on_bus_reset@1
                                  00002ea8        16   func ,l         1
  _device_set_address@1
                                  00002ebe        16   func ,l         2
  _device_reset@1
                                  00002ed4        21   func ,l         4
  _device_configure@1
                                  00002ef5         5   func ,l         1
  _device_deconfigure@1
                                  00002efa         5   func ,l         1
  _calibrate_bitrate@1
                                  00002eff        63   func ,l         1
  _int_dminus_handler@1
                                  00002f62       1c6   func ,l         2
  _crc16_calc@1
                                  00003128        35   func ,l         1
  _memcpy_param_core@1
                                  0000315d        11   func ,l         3
  _decode_string_param_core@1
                                  0000316e        17   func ,l         2
  _make_string_index@1
                                  00003185        2c   func ,l         7
  _make_i_alternate_mode_string@1
                                  000031b1         6   func ,l         3
  _get_max_string_index@1
                                  000031b7        1a   func ,l         1
  _make_bm_attributes@1
                                  000031d1        11   func ,l         1
  _make_vconn_power_field@1
                                  000031e2        15   func ,l         1
  _make_in_data_bos_and_container_id@1
                                  000031f7        87   func ,l         1
  _make_in_data_billboard_capability@1
                                  0000327e       10d   func ,l         1
  _make_in_data_billboard_alternate_mode_capability@1
                                  0000338b        34   func ,l         1
  _make_in_data@1
                                  000033bf       339   func ,l         8
  _request_set_address@1
                                  000036f8         b   func ,l         1
  _request_set_configuration@1
                                  00003703        1b   func ,l         1
  _request_get_descriptor@1
                                  0000371e        4e   func ,l         1
  _request_get_configutarion@1
                                  0000376c         8   func ,l         1
  _request_get_status_device@1
                                  00003774         8   func ,l         1
  _request_get_status_interface@1
                                  0000377c         f   func ,l         1
  _request_get_status_endpoint@1
                                  0000378b         f   func ,l         1
  _request_dispatch@1
                                  0000379a        57   func ,l         1
  _swusb_init
                                  000037f1        23   func ,g         1
  _swusb_proc
                                  00003814        34   func ,g         7
  _swusb_is_transferring
                                  00003848         9   func ,g         0
  _swusb_measure_rate
                                  00003851         5   func ,g         1
  _swusb_enable
                                  00003856        13   func ,g         6
  _swusb_disable
                                  00003869         8   func ,g         1
  _swusb_set_power_supply
                                  00003871         8   func ,g         1
  _swusb_bb_configured
                                  00003879        45   func ,g         4
  _swusb_bb_set_additional_failure_info
                                  000038be         4   func ,g         1
FILE=Obj\Release\swusb_io.obj
                                  000038c2  000038f9        38
  _swusb_io_init
                                  000038c2        22   func ,g         1
  _swusb_io_is_enabled
                                  000038e4         4   func ,g         1
  _swusb_io_enable
                                  000038e8         7   func ,g         1
  _swusb_io_disable
                                  000038ef         7   func ,g         1
  _swusb_io_clear_irq
                                  000038f6         4   func ,g         0
FILE=Obj\Release\xmit_pkt.obj
                                  000038fa  00003a71       178
  _swusb_xmit_data_pkt
                                  000038fa         0   none ,g         1
  _swusb_xmit_handshake_pkt
                                  00003900         0   none ,g         3
  xmit_common
                                  00003906         0   none ,l         1
  nochgb0
                                  00003919         0   none ,l         1
  nochgb1
                                  0000392b         0   none ,l         1
  nochgb2
                                  0000393d         0   none ,l         1
  nochgb3
                                  0000394f         0   none ,l         1
  chkb0
                                  00003961         0   none ,l         1
  startb0
                                  0000396b         0   none ,l         1
  entry
                                  0000396b         0   none ,l         1
  chkb1
                                  00003974         0   none ,l         1
  startb1
                                  0000397f         0   none ,l         1
  chkb2
                                  00003984         0   none ,l         1
  startb2
                                  00003993         0   none ,l         1
  chkb3
                                  00003998         0   none ,l         1
  startb3
                                  000039a7         0   none ,l         1
  chkb4
                                  000039ac         0   none ,l         1
  startb4
                                  000039bb         0   none ,l         1
  chkb5
                                  000039c0         0   none ,l         1
  startb5
                                  000039cf         0   none ,l         1
  chkb6
                                  000039d4         0   none ,l         1
  startb6
                                  000039e3         0   none ,l         1
  chkb7
                                  000039e8         0   none ,l         1
  startb7
                                  000039f7         0   none ,l         1
  chknext
                                  000039fc         0   none ,l         1
  nochgb4
                                  00003a05         0   none ,l         1
  nochgb5
                                  00003a17         0   none ,l         1
  nochgb6
                                  00003a29         0   none ,l         1
  nochgb7
                                  00003a3b         0   none ,l         1
  eop
                                  00003a4d         0   none ,l         1
  wait_eop
                                  00003a5b         0   none ,l         1
  wait_last_j
                                  00003a64         0   none ,l         1
FILE=Obj\Release\r_systeminit.obj
                                  00003a72  00003a81        10
  _R_Systeminit
                                  00003a72         9   func ,g         1
  _hdwinit
                                  00003a7b         7   func ,g         1
FILE=Obj\Release\stkinit.obj
                                  00003a82  00003ac5        44
  _stkinit
                                  00003a82         0   none ,g         1
  LSTINIT1
                                  00003a90         0   none ,l         1
  LSTINIT2
                                  00003aba         0   none ,l         2
  LSTINIT3
                                  00003ac5         0   none ,l         2
FILE=Obj\Release\smbm_ctrl.obj
                                  00003ac6  00003db6       2f1
  _smbm_init
                                  00003ac6        32   func ,g         1
  _smbm_ctrl
                                  00003af8        ac   func ,g         1
  _smbm_set_subdev
                                  00003ba4         9   func ,g         1
  _smbm_set_protocol
                                  00003bad        c4   func ,g         1
  _smbm_clr_status
                                  00003c71        13   func ,g         1
  _smbm_reset
                                  00003c84        2b   func ,g         0
  _smbm_int_write_routine
                                  00003caf        65   func ,g         2
  _smbm_int_read_routine
                                  00003d14        7b   func ,g         2
  _smbm_copy_word
                                  00003d8f        28   func ,g         1
FILE=Obj\Release\user_timer.obj
                                  00003db7  00003f49       193
  _init_tau0_channel1
                                  00003db7        26   func ,g         1
  _init_tau0_channel2
                                  00003ddd        24   func ,g         0
  _init_tau0_channel3
                                  00003e01        24   func ,g         1
  _init_tm_12bit
                                  00003e25         5   func ,g         1
  _tm_12bit_start_gtimer
                                  00003e2a        20   func ,g         2
  _tm_12tm_stop_gtimer
                                  00003e4a        15   func ,g         1
  _tm_12bit_intr_hdlr
                                  00003e5f         4   func ,g         4
  _tm1_start_gtimer
                                  00003e63        1f   func ,g         1
  _tm2_start_gtimer
                                  00003e82        44   func ,g         0
  _tm1_is_start_gtimer
                                  00003ec6         9   func ,g         1
  _tm3_start_gtimer
                                  00003ecf        1f   func ,g         0
  _tm1_stop_gtimer
                                  00003eee        10   func ,g         1
  _tm2_stop_gtimer
                                  00003efe        10   func ,g         0
  _tm3_stop_gtimer
                                  00003f0e        10   func ,g         0
  _tm_calc_counter
                                  00003f1e        2c   func ,g         3
FILE=Obj\Release\dcdc_ctrl.obj
                                  00003f4a  0000440a       4c1
  _dcdc_ctrl
                                  00003f4a        1c   func ,g         1
  _dcdc_init
                                  00003f66        13   func ,g         1
  _isl_s0
                                  00003f79        84   func ,g         1
  _isl_s1
                                  00003ffd        71   func ,g         1
  _isl_s1_off_sq
                                  0000406e        49   func ,g         1
  _isl_s1_on_sq
                                  000040b7        ba   func ,g         1
  _isl_s1_chg_sq
                                  00004171        6a   func ,g         1
  _isl_s1_snk_off_sq
                                  000041db        66   func ,g         1
  _isl_s1_snk_on_sq
                                  00004241        83   func ,g         1
  _isl_s1_snk_chg_sq
                                  000042c4        92   func ,g         1
  _isl_s1_clr_sq
                                  00004356        3c   func ,g         0
  _isl_s1_get_info
                                  00004392        79   func ,g         1
FILE=Obj\Release\led_ctrl.obj
                                  0000440b  00004476        6c
  _led_init
                                  0000440b         1   func ,g         1
  _led_ctrl
                                  0000440c        6b   func ,g         1
FILE=Obj\Release\sw_ctrl.obj
                                  00004477  000044df        69
  _sw_init
                                  00004477        22   func ,g         1
  _sw_ctrl
                                  00004499        23   func ,g         1
  _sw_func_intr_sw
                                  000044bc        14   func ,g         2
  _sw_func_intr_timer_sw
                                  000044d0        10   func ,g         2
FILE=Obj\Release\user_main.obj
                                  000044e0  000047ca       2eb
  _user_init
                                  000044e0        8b   func ,g         1
  _user_func_event
                                  0000456b       260   func ,g         1
FILE=Obj\Release\user_main_protection.obj
                                  000047cb  000049ef       225
  _user_func_chk_device
                                  000047cb       170   func ,g         1
  _user_func_snd_mess
                                  0000493b        73   func ,g         0
  _user_func_start_timer_thermistor
                                  000049ae        28   func ,g         1
  _user_func_stop_timer_thermistor
                                  000049d6        10   func ,g         1
  _user_func_intr_timer_thermistor
                                  000049e6         a   func ,g         2
FILE=Obj\Release\r_main.obj
                                  000049f0  00004ac3        d4
  _led
                                  000049f0         9   func ,g         0
  _main
                                  000049f9        cb   func ,g         1
FILE=Obj\Release\R_Main_UserInit.obj
                                  00004ac4  00004b17        54
  _R_MAIN_UserInit
                                  00004ac4        54   func ,g         1
FILE=Obj\Release\isl95338.obj
                                  00004b18  00004e33       31c
  _init_isl95338
                                  00004b18         7   func ,g         2
  _isl95338_ctrl
                                  00004b1f        27   func ,g         2
  _isl95338_cmd_handler
                                  00004b46        20   func ,g         1
  _isl95338_cmd
                                  00004b66       2b2   func ,g         1
  _isl95338_end_processing
                                  00004e18        1c   func ,g         1
FILE=Obj\Release\subdev_ctrl.obj
                                  00004e34  00004f3a       107
  _subdev_init
                                  00004e34        44   func ,g         1
  _subdev_ctrl
                                  00004e78        b2   func ,g         1
  _subdev_get_alerthandler
                                  00004f2a         f   func ,g         1
  _subdev_get_alert_signal
                                  00004f39         2   func ,g         1
FILE=analog
                                  00004f3b  0000511d       1e3
  _pdc_req_update_an
                                  00004f3b        33   func ,g         1
  _pdc_get_an_volt
                                  00004f6e        3c   func ,g         4
  _init_an
                                  00004faa        47   func ,g         1
  _an_ctrl
                                  00004ff1        e4   func ,g         1
  _an_get_volt
                                  000050d5        10   func ,g         2
  _an_get_vbus_volt
                                  000050e5        31   func ,g         1
  __CommonCode@0
                                  00005116         8   func ,l         4
FILE=interrupt
                                  0000511e  0000516c        4f
  _pdc_set_int_routine
                                  0000511e        18   func ,g        10
  _interrupt_common
                                  00005136        23   func ,g        13
  _init_int_routine
                                  00005159        14   func ,g         1
FILE=pd_core
                                  0000516d  00005abc       950
  _pdc_get_version
                                  0000516d         4   func ,g         1
  _pd_core_init
                                  00005171        ce   func ,g         1
  _pd_core
                                  0000523f        83   func ,g         1
  _pdc_active
                                  000052c2         b   func ,g         1
  _pdc_run
                                  000052cd        2d   func ,g         2
  _pdc_stop
                                  000052fa        26   func ,g         1
  _pdc_enter_deep
                                  00005320        43   func ,g         0
  _pdc_exit_deep
                                  00005363        10   func ,g         0
  _pdc_get_status
                                  00005373         8   func ,g         4
  _pdc_get_idle_time
                                  0000537b        40   func ,g         2
  _pdc_set_cmd
                                  000053bb       283   func ,g         3
  _pdc_get_cmd_result
                                  0000563e         8   func ,g         1
  _set_ext_reg
                                  00005646        2a   func ,g         1
  _pdc_timer_active
                                  00005670         7   func ,g         8
  _pdc_get_req_volt
                                  00005677         4   func ,g         4
  _pdc_get_req_cur
                                  0000567b         4   func ,g         4
  _pdc_get_vrd
                                  0000567f         4   func ,g         0
  _pdc_set_port_conf
                                  00005683        ee   func ,g         1
  _pdc_set_src_conf
                                  00005771        48   func ,g         1
  _pdc_set_snk_conf
                                  000057b9        2e   func ,g         1
  _pdc_set_sys_conf
                                  000057e7        b3   func ,g         1
  _pdc_set_dev_stat
                                  0000589a        65   func ,g         2
  _pdc_set_pps_stat
                                  000058ff        2e   func ,g         0
  _pdc_set_custom_mode
                                  0000592d        22   func ,g         0
  _pdc_get_rdo
                                  0000594f        17   func ,g         1
  _pdc_get_pdo
                                  00005966        49   func ,g         0
  _pdc_get_num_of_pdos
                                  000059af        17   func ,g         0
  _pd_tm_start_user_cnt
                                  000059c6        10   func ,g         4
  _pd_tm_stop_user_cnt
                                  000059d6        10   func ,g         5
  _pd_tm_chk_user_stat
                                  000059e6         f   func ,g         4
  _pdc_set_user_ams_mode
                                  000059f5        30   func ,g         0
  _pdc_get_user_ams_mode
                                  00005a25         8   func ,g         0
  _pdc_req_snd_bat_chg_alert
                                  00005a2d        15   func ,g         0
  _pdc_is_pps_mode
                                  00005a42         c   func ,g         3
  _pdc_set_pwr_stat
                                  00005a4e         d   func ,g         1
  _pdc_set_product_info
                                  00005a5b        15   func ,g         1
  _pdc_get_product_info
                                  00005a70         8   func ,g         0
  _pdc_set_usb_comm
                                  00005a78         8   func ,g         1
  _pdc_get_usb_comm
                                  00005a80         5   func ,g         1
  __CommonCode@0
                                  00005a85        10   func ,l         2
  __CommonCode@1
                                  00005a95         e   func ,l         2
  __CommonCode@2
                                  00005aa3        13   func ,l         2
  __CommonCode@3
                                  00005ab6         7   func ,l         7
FILE=libdef_pdc
                                  00005abd  00005b03        47
  _pdclib_chk_id
                                  00005abd        47   func ,g         1
FILE=pdm
                                  00005b04  00006ad2       fcf
  _init_pdm
                                  00005b04        23   func ,g         1
  _pdm_enable
                                  00005b27        24   func ,g         2
  _pdm_rcv_disable
                                  00005b4b         a   func ,g         1
  _pdm_disable
                                  00005b55        1f   func ,g         1
  _pdm_init_spec_rev
                                  00005b74         f   func ,g         2
  _pdm_set_spec_rev
                                  00005b83        38   func ,g         a
  _pdm_get_spec_rev
                                  00005bbb         b   func ,g         2
  _pdm_set_tx_retry
                                  00005bc6        25   func ,g         2
  _pdm_update_spec_rev
                                  00005beb        24   func ,g         1
  _pdm
                                  00005c0f       388   func ,g         1
  _pdm_is_di_ack_cp
                                  00005f97        1c   func ,g         2
  _pdm_is_cable_type
                                  00005fb3        2c   func ,g         2
  _pdm_restart
                                  00005fdf        11   func ,g         2
  _pdm_sw_dr
                                  00005ff0        16   func ,g         1
  _pdm_sw_pr
                                  00006006        16   func ,g         2
  _pdm_get_dr
                                  0000601c        17   func ,g         a
  _pdm_get_intr_mess_result
                                  00006033        2e   func ,g         1
  _pdm_tx_stat
                                  00006061       476   func ,g         1
  _pdm_spec_ctrl
                                  000064d7        3e   func ,g         1
  _pdm_chk_resp
                                  00006515       1f6   func ,g         1
  _pdm_chk_pd3_resp
                                  0000670b        47   func ,g         1
  _pdm_set_role
                                  00006752        13   func ,g         2
  _pdm_reset_protocol
                                  00006765        2c   func ,g         6
  _pdm_get_state_preset
                                  00006791         7   func ,g         4
  _pdm_get_state_hreset
                                  00006798         9   func ,g         1
  _pdm_sw_rx_state
                                  000067a1        20   func ,g         4
  _pdm_physet_dis
                                  000067c1         8   func ,g         5
  _pdm_sw_rx_sopp
                                  000067c9        22   func ,g         5
  _pdm_sw_bist
                                  000067eb        17   func ,g         2
  _pdm_chk_bist
                                  00006802         9   func ,g         1
  _pdm_rom_acs_init
                                  0000680b        2b   func ,g         1
  _pdm_chk_uvdm_resp_en
                                  00006836        47   func ,g         1
  _pdm_chk_uvdm_resp
                                  0000687d        30   func ,g         1
  _pdm_set_epdm_chk_mess
                                  000068ad        9d   func ,g         2
  _pdm_set_epdm_unchk_mess
                                  0000694a        43   func ,g         1
  _pdm_set_epdm_chk_req
                                  0000698d        1a   func ,g         1
  _pdm_is_rcv_mess
                                  000069a7        1b   func ,g         6
  __CommonCode@0
                                  000069c2         b   func ,l         2
  __CommonCode@1
                                  000069cd         d   func ,l         4
  __CommonCode@2
                                  000069da         c   func ,l         2
  __CommonCode@3
                                  000069e6         a   func ,l         2
  __CommonCode@4
                                  000069f0         8   func ,l         5
  __CommonCode@5
                                  000069f8         b   func ,l         2
  __CommonCode@6
                                  00006a03        14   func ,l         2
  __CommonCode@7
                                  00006a17         6   func ,l         5
  __CommonCode@8
                                  00006a1d         a   func ,l         7
  __CommonCode@9
                                  00006a27         5   func ,l         9
  __CommonCode@10
                                  00006a2c         9   func ,l         4
  __CommonCode@11
                                  00006a35         b   func ,l         2
  __CommonCode@12
                                  00006a40         8   func ,l         3
  __CommonCode@13
                                  00006a48         8   func ,l         4
  __CommonCode@14
                                  00006a50         6   func ,l         3
  __CommonCode@15
                                  00006a56        18   func ,l         2
  __CommonCode@16
                                  00006a6e         7   func ,l         4
  __CommonCode@17
                                  00006a75         5   func ,l         7
  __CommonCode@18
                                  00006a7a         7   func ,l         4
  __CommonCode@19
                                  00006a81         f   func ,l         2
  __CommonCode@20
                                  00006a90         5   func ,l         4
  __CommonCode@21
                                  00006a95         7   func ,l         3
  __CommonCode@22
                                  00006a9c         6   func ,l         5
  __CommonCode@23
                                  00006aa2        11   func ,l         2
  __CommonCode@24
                                  00006ab3        14   func ,l         2
  __CommonCode@25
                                  00006ac7         c   func ,l         2
FILE=pol_eng
                                  00006ad3  00008c03      2131
  _init_pol_eng
                                  00006ad3        1c   func ,g         2
  _pol_eng
                                  00006aef       1de   func ,g         1
  _pe_stat_init
                                  00006ccd       1d1   func ,g         1
  _pe_stat_snk
                                  00006e9e       26d   func ,g         1
  _pe_stat_src
                                  0000710b       43f   func ,g         1
  _pe_stat_rdy_rcvmess
                                  0000754a       345   func ,g         1
  _pe_stat_rdy_polman
                                  0000788f       25f   func ,g         1
  _pe_stat_rdy_resndmess
                                  00007aee        4f   func ,g         1
  _pe_stat_rdy
                                  00007b3d       86a   func ,g         1
  _pe_stat_bist
                                  000083a7        1d   func ,g         1
  _pe_stat_swap
                                  000083c4       1d5   func ,g         1
  _pe_snd_req_pdo
                                  00008599        c0   func ,g         3
  _pe_snd_req_resp
                                  00008659        18   func ,g         5
  _pe_swap_comp
                                  00008671        28   func ,g         2
  _pe_nego_fail
                                  00008699         2   func ,g         0
  _pe_snd_sr
                                  0000869b        11   func ,g         f
  _pe_hardreset
                                  000086ac        41   func ,g        11
  _pe_fail
                                  000086ed         e   func ,g         3
  _pe_enter_Disable
                                  000086fb        13   func ,g         1
  _pe_enter_ErrRcvr
                                  0000870e        1c   func ,g         b
  _pe_cancel_chk_di
                                  0000872a         f   func ,g         2
  _pe_goto_rdy_idle
                                  00008739        29   func ,g        15
  _pe_set_di_req
                                  00008762        19   func ,g         1
  _pm_set_dfp_vdo
                                  0000877b        37   func ,g         2
  _pm_set_di_vdo
                                  000087b2        bb   func ,g         1
  _pe_chk_vdm
                                  0000886d       115   func ,g         3
  _pe_make_reqp_usvdm
                                  00008982        75   func ,g         1
  _pe_make_reqp_svdm
                                  000089f7        28   func ,g         1
  _pe_chk_svdm_resp
                                  00008a1f        4d   func ,g         2
  __CommonCode@0
                                  00008a6c         d   func ,l         2
  __CommonCode@1
                                  00008a79         9   func ,l         8
  __CommonCode@2
                                  00008a82         b   func ,l         3
  __CommonCode@3
                                  00008a8d         7   func ,l        25
  __CommonCode@4
                                  00008a94         6   func ,l         5
  __CommonCode@5
                                  00008a9a         6   func ,l         4
  __CommonCode@6
                                  00008aa0         a   func ,l         4
  __CommonCode@7
                                  00008aaa         7   func ,l        16
  __CommonCode@8
                                  00008ab1         6   func ,l        18
  __CommonCode@9
                                  00008ab7         8   func ,l         3
  __CommonCode@10
                                  00008abf         a   func ,l         2
  __CommonCode@11
                                  00008ac9         9   func ,l        11
  __CommonCode@12
                                  00008ad2         7   func ,l         4
  __CommonCode@13
                                  00008ad9         8   func ,l         3
  __CommonCode@14
                                  00008ae1         8   func ,l        10
  __CommonCode@15
                                  00008ae9        1c   func ,l         2
  __CommonCode@16
                                  00008b05         6   func ,l         8
  __CommonCode@17
                                  00008b0b         7   func ,l         5
  __CommonCode@18
                                  00008b12        11   func ,l         2
  __CommonCode@19
                                  00008b23         7   func ,l         4
  __CommonCode@20
                                  00008b2a        13   func ,l         2
  __CommonCode@21
                                  00008b3d         7   func ,l         5
  __CommonCode@22
                                  00008b44         f   func ,l         2
  __CommonCode@23
                                  00008b53         d   func ,l         2
  __CommonCode@24
                                  00008b60         f   func ,l         2
  __CommonCode@25
                                  00008b6f         f   func ,l         2
  __CommonCode@26
                                  00008b7e         c   func ,l         2
  __CommonCode@27
                                  00008b8a         b   func ,l         2
  __CommonCode@28
                                  00008b95         8   func ,l         3
  __CommonCode@29
                                  00008b9d         b   func ,l         2
  __CommonCode@30
                                  00008ba8         a   func ,l         2
  __CommonCode@31
                                  00008bb2         9   func ,l         3
  __CommonCode@32
                                  00008bbb         8   func ,l         3
  __CommonCode@33
                                  00008bc3        15   func ,l         2
  __CommonCode@34
                                  00008bd8         b   func ,l         2
  __CommonCode@35
                                  00008be3         7   func ,l         4
  __CommonCode@36
                                  00008bea        1a   func ,l         2
FILE=pol_man
                                  00008c04  0000aef9      22f6
  _pm_cmd_comp
                                  00008c04        1e   func ,g        43
  _init_pol_man
                                  00008c22        34   func ,g         2
  _pol_man
                                  00008c56        89   func ,g         1
  _pm_stat_main
                                  00008cdf       2af   func ,g         1
  _pm_stat_init
                                  00008f8e       1a6   func ,g         1
  _pm_stat_snkngt
                                  00009134       17a   func ,g         1
  _pm_stat_srcngt
                                  000092ae       1fe   func ,g         1
  _pm_stat_swap_pr
                                  000094ac       21f   func ,g         1
  _pm_stat_swap_vc
                                  000096cb       1bd   func ,g         1
  _pm_chk_status
                                  00009888       2fd   func ,g         1
  _pm_set_rdo
                                  00009b85       20f   func ,g         1
  _pm_chk_same_pdo
                                  00009d94        57   func ,g         1
  _pm_make_snkpdo
                                  00009deb       152   func ,g         2
  _pm_calc_srcpdo_sys
                                  00009f3d       1d0   func ,g         2
  _pm_make_srcpdo_cur
                                  0000a10d       110   func ,g         4
  _pm_init_pdo
                                  0000a21d        76   func ,g         3
  _pm_update_pdo_extpwr
                                  0000a293        11   func ,g         1
  _pm_update_pdo_role
                                  0000a2a4        40   func ,g         0
  _pm_eva_rdo
                                  0000a2e4        f4   func ,g         2
  _pm_get_match_pos
                                  0000a3d8        eb   func ,g         1
  _pm_search_match_pdo_fix
                                  0000a4c3        db   func ,g         1
  _pm_search_match_pdo_var
                                  0000a59e        a6   func ,g         1
  _pm_search_match_pdo_bat
                                  0000a644        d6   func ,g         1
  _pm_set_status
                                  0000a71a        88   func ,g         1
  _pm_get_extpwr_uc
                                  0000a7a2         c   func ,g         1
  _pm_update_nego_info
                                  0000a7ae        18   func ,g         2
  _pm_chk_vc_swap
                                  0000a7c6        2c   func ,g         4
  _pm_chk_resp_pr_swap
                                  0000a7f2        24   func ,g         1
  _pm_chk_req_pr_swap
                                  0000a816        33   func ,g         3
  _pm_start_auto_swap
                                  0000a849        1a   func ,g         2
  _pm_chk_resp_dr_swap
                                  0000a863        2a   func ,g         1
  _pm_chk_req_dr_swap
                                  0000a88d        39   func ,g         2
  _pm_get_stat_exit_swap
                                  0000a8c6        14   func ,g         1
  _pm_get_nego_stat
                                  0000a8da         6   func ,g         6
  _pm_reset_vc
                                  0000a8e0         8   func ,g         2
  _pm_vc_on
                                  0000a8e8        11   func ,g         3
  _pm_chk_cp_info
                                  0000a8f9        4d   func ,g         1
  _pm_set_scedb
                                  0000a946        6d   func ,g         1
  _pm_set_skedb
                                  0000a9b3        4b   func ,g         1
  _pm_set_midb
                                  0000a9fe        a7   func ,g         1
  _pm_set_midb_unknown
                                  0000aaa5        4f   func ,g         1
  _pm_set_ppsdb
                                  0000aaf4        37   func ,g         1
  _pm_smbs_init
                                  0000ab2b        31   func ,g         1
  _pm_snd_req_cmd
                                  0000ab5c       140   func ,g         4
  __CommonCode@0
                                  0000ac9c         9   func ,l         3
  __CommonCode@1
                                  0000aca5         8   func ,l         3
  __CommonCode@2
                                  0000acad        28   func ,l         2
  __CommonCode@3
                                  0000acd5         b   func ,l         2
  __CommonCode@4
                                  0000ace0         8   func ,l         3
  __CommonCode@5
                                  0000ace8         7   func ,l         4
  __CommonCode@6
                                  0000acef         9   func ,l         6
  __CommonCode@7
                                  0000acf8         d   func ,l         6
  __CommonCode@8
                                  0000ad05         8   func ,l         a
  __CommonCode@9
                                  0000ad0d         c   func ,l         2
  __CommonCode@10
                                  0000ad19         b   func ,l         2
  __CommonCode@11
                                  0000ad24        1d   func ,l         2
  __CommonCode@12
                                  0000ad41        18   func ,l         2
  __CommonCode@13
                                  0000ad59         b   func ,l         4
  __CommonCode@14
                                  0000ad64        1b   func ,l         2
  __CommonCode@15
                                  0000ad7f         f   func ,l         3
  __CommonCode@16
                                  0000ad8e        10   func ,l         2
  __CommonCode@17
                                  0000ad9e         6   func ,l         4
  __CommonCode@18
                                  0000ada4         7   func ,l         3
  __CommonCode@19
                                  0000adab         b   func ,l         2
  __CommonCode@20
                                  0000adb6         a   func ,l         3
  __CommonCode@21
                                  0000adc0         e   func ,l         2
  __CommonCode@22
                                  0000adce         a   func ,l         2
  __CommonCode@23
                                  0000add8        22   func ,l         2
  __CommonCode@24
                                  0000adfa        45   func ,l         2
  __CommonCode@25
                                  0000ae3f        20   func ,l         2
  __CommonCode@26
                                  0000ae5f         a   func ,l         3
  __CommonCode@27
                                  0000ae69         7   func ,l        10
  __CommonCode@28
                                  0000ae70         7   func ,l         6
  __CommonCode@29
                                  0000ae77         9   func ,l         9
  __CommonCode@30
                                  0000ae80         7   func ,l         c
  __CommonCode@31
                                  0000ae87         7   func ,l         3
  __CommonCode@32
                                  0000ae8e         b   func ,l         2
  __CommonCode@33
                                  0000ae99         b   func ,l         2
  __CommonCode@34
                                  0000aea4        14   func ,l         2
  __CommonCode@35
                                  0000aeb8        1b   func ,l         2
  __CommonCode@36
                                  0000aed3         c   func ,l         2
  __CommonCode@37
                                  0000aedf         9   func ,l         3
  __CommonCode@38
                                  0000aee8        12   func ,l         2
FILE=protection
                                  0000aefa  0000b078       17f
  _init_prot
                                  0000aefa         5   func ,g         1
  _prot_ctrl
                                  0000aeff       17a   func ,g         1
FILE=ps_ctrl
                                  0000b079  0000b4c8       450
  _ps_ctrl
                                  0000b079       3ed   func ,g         3
  __CommonCode@0
                                  0000b466         5   func ,l         4
  __CommonCode@1
                                  0000b46b         e   func ,l         6
  __CommonCode@2
                                  0000b479         c   func ,l         2
  __CommonCode@3
                                  0000b485         9   func ,l         3
  __CommonCode@4
                                  0000b48e         f   func ,l         2
  __CommonCode@5
                                  0000b49d         c   func ,l         3
  __CommonCode@6
                                  0000b4a9         b   func ,l         2
  __CommonCode@7
                                  0000b4b4        15   func ,l         2
FILE=sct_ctrl
                                  0000b4c9  0000c0a9       be1
  _init_sct_ctrl
                                  0000b4c9        c4   func ,g         2
  _sct_ctrl
                                  0000b58d       332   func ,g         1
  _sc_stat_manual
                                  0000b8bf       1be   func ,g         1
  _sc_sw_pr
                                  0000ba7d        27   func ,g         2
  _sc_update_ipen
                                  0000baa4        50   func ,g         1
  _sc_ipen_en
                                  0000baf4         e   func ,g         2
  _sc_vbus_deb_disable
                                  0000bb02        13   func ,g         6
  _sc_chk_port
                                  0000bb15       17d   func ,g         1
  _sc_restart_sct_en
                                  0000bc92        3d   func ,g         2
  _sc_init_vbus_cur
                                  0000bccf        1b   func ,g         2
  _sc_set_pd_contract
                                  0000bcea         8   func ,g         2
  _sc_update_vbus
                                  0000bcf2        38   func ,g         1
  _sc_update_nego_vbus
                                  0000bd2a        28   func ,g         5
  _sc_volt2th
                                  0000bd52        54   func ,g         1
  _sc_reverse_try
                                  0000bda6        3a   func ,g         2
  _sc_int_sct
                                  0000bde0        be   func ,g         2
  _sc_chk_snk_open
                                  0000be9e        26   func ,g         1
  _sc_chk_src_open
                                  0000bec4        18   func ,g         1
  _sc_con_port_reset
                                  0000bedc        10   func ,g         4
  _sc_set_sink_tx
                                  0000beec        33   func ,g         5
  _sc_det_sink_tx
                                  0000bf1f         7   func ,g         1
  _sc_attwait_stop_en
                                  0000bf26        12   func ,g         4
  _sc_cc_sel_init
                                  0000bf38        14   func ,g         3
  _sc_chg_scnt_stm
                                  0000bf4c         8   func ,g         5
  _sc_chk_stat_tgl
                                  0000bf54        4f   func ,g         1
  _sc_chk_vrd_en
                                  0000bfa3        14   func ,g         1
  _sc_set_nonpd_cur
                                  0000bfb7        3c   func ,g         2
  __CommonCode@0
                                  0000bff3         e   func ,l         2
  __CommonCode@1
                                  0000c001        10   func ,l         3
  __CommonCode@2
                                  0000c011         b   func ,l         2
  __CommonCode@3
                                  0000c01c        16   func ,l         2
  __CommonCode@4
                                  0000c032         9   func ,l         4
  __CommonCode@5
                                  0000c03b         7   func ,l         5
  __CommonCode@6
                                  0000c042         7   func ,l         3
  __CommonCode@7
                                  0000c049         5   func ,l         4
  __CommonCode@8
                                  0000c04e         7   func ,l         4
  __CommonCode@9
                                  0000c055         8   func ,l         3
  __CommonCode@10
                                  0000c05d         7   func ,l         8
  __CommonCode@11
                                  0000c064         9   func ,l         6
  __CommonCode@12
                                  0000c06d         7   func ,l         6
  __CommonCode@13
                                  0000c074         a   func ,l         5
  __CommonCode@14
                                  0000c07e         9   func ,l         3
  __CommonCode@15
                                  0000c087        1a   func ,l         2
  __CommonCode@16
                                  0000c0a1         9   func ,l         3
FILE=timer_ctrl
                                  0000c0aa  0000c1ff       156
  _init_tau0
                                  0000c0aa        4d   func ,g         1
  _tm_start_gtimer
                                  0000c0f7        35   func ,g         3
  _tm_stop_gtimer
                                  0000c12c        1b   func ,g         8
  _tm_cntup_basecnt
                                  0000c147         7   func ,g         2
  _tm_start_cnt
                                  0000c14e        29   func ,g         f
  _tm_stop_cnt
                                  0000c177        38   func ,g        12
  _tm_check_cnt
                                  0000c1af        51   func ,g         d
FILE=util
                                  0000c200  0000c29b        9c
  _pd_mem_copy_byte
                                  0000c200        22   func ,g         0
  _pd_mem_copy_word
                                  0000c222        22   func ,g         f
  _pd_mem_fill_byte
                                  0000c244        14   func ,g         5
  _pd_mem_fill_word
                                  0000c258        15   func ,g         6
  _pd_mem_chng_byte_order
                                  0000c26d        2f   func ,g         0

SECTION=.data
FILE=Obj\Release\swusb.obj
                                  0000c29c  0000c2af        14

SECTION=.jtext_ATF700
FILE=Obj\Release\pd_param.obj
                                  0000f700  0000faff       400

SECTION=.jtext_ATFBFC
FILE=Obj\Release\cstart.obj
                                  0000fbfc  0000fbfd         2

SECTION=.bss_ATFF900
FILE=interrupt
                                  000ff900  000ff957        58
  _gulIntRoutine
                                  000ff900        58   data ,g         4

SECTION=.dataR
FILE=Obj\Release\swusb.obj
                                  000ff958  000ff96b        14
  _thalt
                                  000ff958         1   data ,g         5
  _tbp
                                  000ff95a         2   data ,g         3
  _tbuf
                                  000ff95c        10   data ,g         2

SECTION=.bss
FILE=Obj\Release\swusb.obj
                                  000ff96c  000ff986        1b
  _g_xact_state@1
                                  000ff96c         1   data ,l         7
  _g_expected_token@2
                                  000ff96d         2   data ,l         4
  _g_setup_data@3
                                  000ff96f         6   data ,l        15
    struct  {
                                                   6
      _g_setup_data@3.bmRequestType
                                  000ff96f         1   unsigned char
      _g_setup_data@3.bRequest
                                  000ff970         1   unsigned char
      _g_setup_data@3.wValue_loByte
                                  000ff971         1   unsigned char
      _g_setup_data@3.wValue_hiByte
                                  000ff972         1   unsigned char
      _g_setup_data@3.wIndex_loByte
                                  000ff973         1   unsigned char
      _g_setup_data@3.wLength
                                  000ff974         1   unsigned char
    }
  _g_in_data_pkt_len@4
                                  000ff975         1   data ,l         8
  _g_in_data_pkt@5
                                  000ff976         b   data ,l        36
  _g_swusb_rate_offset
                                  000ff981         1   data ,g         4
  _g_bbc_configured@6
                                  000ff982         1   data ,l         5
  _g_bbc_additional_failure_info@7
                                  000ff983         1   data ,l         3
  _g_field@8
                                  000ff984         1   data ,l        1e
    union   {
                                                   1
      _g_field@8.s
                                  000ff984         1
    struct  {
                                                   1
      _g_field@8.s.measure_req
                                  000ff984         1   unsigned char:1(7)
      _g_field@8.s.measure_disabled
                                  000ff984         1   unsigned char:1(6)
      _g_field@8.s.data_toggle
                                  000ff984         1   unsigned char:1(5)
      _g_field@8.s.in_stall
                                  000ff984         1   unsigned char:1(4)
      _g_field@8.s.setup_data_avail
                                  000ff984         1   unsigned char:1(3)
      _g_field@8.s.set_address_requested
                                  000ff984         1   unsigned char:1(2)
      _g_field@8.s.device_configured
                                  000ff984         1   unsigned char:1(1)
      _g_field@8.s.self_powered
                                  000ff984         1   unsigned char:1(0)
    }
      _g_field@8.byte
                                  000ff984         1   unsigned char
    }
  _g_transfer_state@9
                                  000ff985         1   data ,l        13
  _g_transferred_packet_num@10
                                  000ff986         1   data ,l         4
FILE=Obj\Release\swusb_ram.obj
                                  000ff988  000ff98b         4
  crc16_h
                                  000ff988         0   none ,g         2
  crc16
                                  000ff988         0   none ,g         2
  sp_save
[...]
      _gPdmInfo.uPdmStat.bit.bPdConnect
                                  000ffe4f         1   unsigned char:1(4)
      _gPdmInfo.uPdmStat.bit.bUnChkSprt
                                  000ffe4f         1   unsigned char:1(3)
      _gPdmInfo.uPdmStat.bit.bReqSndChk
                                  000ffe4f         1   unsigned char:1(2)
      _gPdmInfo.uPdmStat.bit.bRcvChkReq
                                  000ffe4f         1   unsigned char:1(1)
      _gPdmInfo.uPdmStat.bit.bRcvMess
                                  000ffe4f         1   unsigned char:1(0)
    }
      _gPdmInfo.uPdmStat.data
                                  000ffe4f         1   unsigned char
    }
      _gPdmInfo.ucRcvObjNum
                                  000ffe50         2   unsigned char
      _gPdmInfo.ucSndObjNum
                                  000ffe52         2   unsigned char
      _gPdmInfo.usRcvObj
                                  000ffe54        38   unsigned short
      _gPdmInfo.usSndObj
                                  000ffe8c        38   unsigned short
      _gPdmInfo.usProStaHw_Bak
                                  000ffec4         2   unsigned short
      _gPdmInfo.ucTxSpecSOP
                                  000ffec6         1   unsigned char
      _gPdmInfo.ucTxSpecSOPP
                                  000ffec7         1   unsigned char
    }
  _gPdCore
                                  000ffec8        16   data ,g        e7
    struct  {
                                                  16
      _gPdCore.uPdSctConf
                                  000ffec8         2
    union   {
                                                   2
      _gPdCore.uPdSctConf.bit
                                  000ffec8         2
    struct  {
                                                   2
      _gPdCore.uPdSctConf.bit.bTryMode
                                  000ffec8         2   unsigned short:1(7)
      _gPdCore.uPdSctConf.bit.bTry
                                  000ffec8         2   unsigned short:1(6)
      _gPdCore.uPdSctConf.bit.bSnk
                                  000ffec8         2   unsigned short:1(5)
      _gPdCore.uPdSctConf.bit.bSrc
                                  000ffec8         2   unsigned short:1(4)
      _gPdCore.uPdSctConf.bit.bUfp
                                  000ffec8         2   unsigned short:1(3)
      _gPdCore.uPdSctConf.bit.bDfp
                                  000ffec8         2   unsigned short:1(2)
      _gPdCore.uPdSctConf.bit.bSwapEn
                                  000ffec8         2   unsigned short:1(1)
      _gPdCore.uPdSctConf.bit.bNonPD
                                  000ffec8         2   unsigned short:1(0)
      _gPdCore.uPdSctConf.bit.bVconnSprt
                                  000ffec9         2   unsigned short:1(7)
      _gPdCore.uPdSctConf.bit.bPwrAcs
                                  000ffec9         2   unsigned short:1(6)
      _gPdCore.uPdSctConf.bit.bDebugAcs
                                  000ffec9         2   unsigned short:1(5)
      _gPdCore.uPdSctConf.bit.bAudioAcs
                                  000ffec9         2   unsigned short:1(4)
      _gPdCore.uPdSctConf.bit.bDrd
                                  000ffec9         2   unsigned short:1(2)
      _gPdCore.uPdSctConf.bit.bDrp
                                  000ffec9         2   unsigned short:1(1)
      _gPdCore.uPdSctConf.bit.bToggle
                                  000ffec9         2   unsigned short:1(0)
    }
      _gPdCore.uPdSctConf.usData
                                  000ffec8         2   unsigned short
    }
      _gPdCore.uPdSrcConf
                                  000ffeca         2
    union   {
                                                   2
      _gPdCore.uPdSrcConf.bit
                                  000ffeca         2
    struct  {
                                                   2
      _gPdCore.uPdSrcConf.bit.bMaxPwr
                                  000ffeca         2   unsigned short:a(6)
      _gPdCore.uPdSrcConf.bit.bMaxPdo
                                  000ffecb         2   unsigned short:3(3)
      _gPdCore.uPdSrcConf.bit.bNoPdCur
                                  000ffecb         2   unsigned short:2(1)
      _gPdCore.uPdSrcConf.bit.bIntrusive
                                  000ffecb         2   unsigned short:1(0)
    }
      _gPdCore.uPdSrcConf.usData
                                  000ffeca         2   unsigned short
    }
      _gPdCore.uPdSnkConf
                                  000ffecc         2
    union   {
                                                   2
      _gPdCore.uPdSnkConf.bit
                                  000ffecc         2
    struct  {
                                                   2
      _gPdCore.uPdSnkConf.bit.bMaxPwr
                                  000ffecc         2   unsigned short:a(6)
      _gPdCore.uPdSnkConf.bit.bMaxPdo
                                  000ffecd         2   unsigned short:3(3)
      _gPdCore.uPdSnkConf.bit.bIntrusive
                                  000ffecd         2   unsigned short:1(0)
    }
      _gPdCore.uPdSnkConf.usData
                                  000ffecc         2   unsigned short
    }
      _gPdCore.uPdSysConf
                                  000ffece         2
    union   {
                                                   2
      _gPdCore.uPdSysConf.bit
                                  000ffece         2
    struct  {
                                                   2
      _gPdCore.uPdSysConf.bit.bAutoDrSwap
                                  000ffece         2   unsigned short:2(6)
      _gPdCore.uPdSysConf.bit.bAutoPrSwap
                                  000ffece         2   unsigned short:2(4)
      _gPdCore.uPdSysConf.bit.bFrSwap
                                  000ffece         2   unsigned short:2(2)
      _gPdCore.uPdSysConf.bit.bDisAutoVcSwap
                                  000ffece         2   unsigned short:1(1)
      _gPdCore.uPdSysConf.bit.bChkMode
                                  000ffece         2   unsigned short:1(0)
      _gPdCore.uPdSysConf.bit.bUnCnstPwr
                                  000ffecf         2   unsigned short:1(7)
      _gPdCore.uPdSysConf.bit.bExtPwr
                                  000ffecf         2   unsigned short:1(6)
      _gPdCore.uPdSysConf.bit.bExtPwrType
                                  000ffecf         2   unsigned short:1(5)
      _gPdCore.uPdSysConf.bit.bIntrPwr
                                  000ffecf         2   unsigned short:1(4)
      _gPdCore.uPdSysConf.bit.bIntrPwrType
                                  000ffecf         2   unsigned short:1(3)
      _gPdCore.uPdSysConf.bit.bOverCur
                                  000ffecf         2   unsigned short:1(2)
      _gPdCore.uPdSysConf.bit.bOverVolt
                                  000ffecf         2   unsigned short:1(1)
      _gPdCore.uPdSysConf.bit.bOverTemp
                                  000ffecf         2   unsigned short:1(0)
    }
      _gPdCore.uPdSysConf.usData
                                  000ffece         2   unsigned short
    }
      _gPdCore.uPdStatus
                                  000ffed0         2
    union   {
                                                   2
      _gPdCore.uPdStatus.bit
                                  000ffed0         2
    struct  {
                                                   2
      _gPdCore.uPdStatus.bit.bPlug
                                  000ffed0         2   unsigned short:1(7)
      _gPdCore.uPdStatus.bit.bPR
                                  000ffed0         2   unsigned short:1(6)
      _gPdCore.uPdStatus.bit.bDR
                                  000ffed0         2   unsigned short:1(5)
      _gPdCore.uPdStatus.bit.bCc
                                  000ffed0         2   unsigned short:1(4)
      _gPdCore.uPdStatus.bit.bSOPP
                                  000ffed0         2   unsigned short:1(3)
      _gPdCore.uPdStatus.bit.bSOPPP
                                  000ffed0         2   unsigned short:1(2)
      _gPdCore.uPdStatus.bit.bComRevPDC
                                  000ffed0         2   unsigned short:1(1)
      _gPdCore.uPdStatus.bit.bComRevCP
                                  000ffed0         2   unsigned short:1(0)
      _gPdCore.uPdStatus.bit.bNonPD
                                  000ffed1         2   unsigned short:1(7)
      _gPdCore.uPdStatus.bit.bMissCap
                                  000ffed1         2   unsigned short:1(6)
      _gPdCore.uPdStatus.bit.bRjctNego
                                  000ffed1         2   unsigned short:1(5)
      _gPdCore.uPdStatus.bit.bPwrAcs
                                  000ffed1         2   unsigned short:1(4)
      _gPdCore.uPdStatus.bit.bDebugAcs
                                  000ffed1         2   unsigned short:1(3)
      _gPdCore.uPdStatus.bit.bAudioAcs
                                  000ffed1         2   unsigned short:1(2)
      _gPdCore.uPdStatus.bit.bPwrTrans
                                  000ffed1         2   unsigned short:1(1)
      _gPdCore.uPdStatus.bit.bRdyIdle
                                  000ffed1         2   unsigned short:1(0)
    }
      _gPdCore.uPdStatus.usData
                                  000ffed0         2   unsigned short
    }
      _gPdCore.uPdCtrl
                                  000ffed2         2
    union   {
                                                   2
      _gPdCore.uPdCtrl.bit
                                  000ffed2         2
    struct  {
                                                   2
      _gPdCore.uPdCtrl.bit.bCmd
                                  000ffed2         2   unsigned short:8(0)
      _gPdCore.uPdCtrl.bit.bTarget
                                  000ffed3         2   unsigned short:2(6)
      _gPdCore.uPdCtrl.bit.bLastResult
                                  000ffed3         2   unsigned short:4(2)
    }
      _gPdCore.uPdCtrl.usData
                                  000ffed2         2   unsigned short
    }
      _gPdCore.uPdFlg
                                  000ffed4         1
    union   {
                                                   1
      _gPdCore.uPdFlg.bit
                                  000ffed4         1
    struct  {
                                                   1
      _gPdCore.uPdFlg.bit.bPpsRTF
                                  000ffed4         1   unsigned char:3(5)
      _gPdCore.uPdFlg.bit.bTemperatureStatus
                                  000ffed4         1   unsigned char:2(3)
    }
      _gPdCore.uPdFlg.ucData
                                  000ffed4         1   unsigned char
    }
      _gPdCore.ucActive
                                  000ffed5         1   unsigned char
      _gPdCore.ucPpsCur
                                  000ffed6         1   unsigned char
      _gPdCore.ucInputBat
                                  000ffed7         1   unsigned char
      _gPdCore.usReqVolt
                                  000ffed8         2   unsigned short
      _gPdCore.usReqCur
                                  000ffeda         2   unsigned short
      _gPdCore.ucTemperature
                                  000ffedc         1   unsigned char
      _gPdCore.ucPowerStatus
                                  000ffedd         1   unsigned char
    }
  _gProtInfo
                                  000ffede         2   data ,g        21
    union   {
                                                   2
      _gProtInfo.bit
                                  000ffede         2
    struct  {
                                                   2
      _gProtInfo.bit.bOcpSetFlg
                                  000ffede         2   unsigned short:1(7)
      _gProtInfo.bit.bOcpClrFlg
                                  000ffede         2   unsigned short:1(6)
      _gProtInfo.bit.bOcpLock
                                  000ffede         2   unsigned short:1(5)
      _gProtInfo.bit.bOverCur_Bak
                                  000ffede         2   unsigned short:1(4)
      _gProtInfo.bit.bOvpSetFlg
                                  000ffede         2   unsigned short:1(3)
      _gProtInfo.bit.bOvpClrFlg
                                  000ffede         2   unsigned short:1(2)
      _gProtInfo.bit.bOvpLock
                                  000ffede         2   unsigned short:1(1)
      _gProtInfo.bit.bOverVolt_Bak
                                  000ffede         2   unsigned short:1(0)
      _gProtInfo.bit.bOtpSetFlg
                                  000ffedf         2   unsigned short:1(7)
      _gProtInfo.bit.bOtpClrFlg
                                  000ffedf         2   unsigned short:1(6)
      _gProtInfo.bit.bOtpLock
                                  000ffedf         2   unsigned short:1(5)
      _gProtInfo.bit.bOverTemp_Bak
                                  000ffedf         2   unsigned short:1(4)
      _gProtInfo.bit.bSetProt
                                  000ffedf         2   unsigned short:1(3)
      _gProtInfo.bit.bClrProt
                                  000ffedf         2   unsigned short:1(2)
      _gProtInfo.bit.bProtLock
                                  000ffedf         2   unsigned short:1(1)
      _gProtInfo.bit.bProtReset
                                  000ffedf         2   unsigned short:1(0)
    }
      _gProtInfo.bit4
                                  000ffede         2
    struct  {
                                                   2
      _gProtInfo.bit4.bOcpFlg
                                  000ffede         2   unsigned short:4(4)
      _gProtInfo.bit4.bOvpFlg
                                  000ffede         2   unsigned short:4(0)
      _gProtInfo.bit4.bOtpFlg
                                  000ffedf         2   unsigned short:4(4)
      _gProtInfo.bit4.bProtFlg
                                  000ffedf         2   unsigned short:4(0)
    }
      _gProtInfo.usData
                                  000ffede         2   unsigned short
    }

Absolute value symbols
FILE=Obj\Release\isl95338.obj
  @$IMM_2A
                                  0000002a         0   none ,l         1
FILE=pol_eng
  @$IMM_1C
                                  0000001c         0   none ,l         1
  @$IMM_1A
                                  0000001a         0   none ,l         1
FILE=rlink_generates_04
  __s.textf
                                  000025cf         0   none ,g         0
  __e.textf
                                  0000c29c         0   none ,g         0
  __s.const
                                  00002010         0   none ,g         0
  __e.const
                                  00002445         0   none ,g         0
  __s.jtext_ATF700
                                  0000f700         0   none ,g         0
  __e.jtext_ATF700
                                  0000fb00         0   none ,g         0
  __s.data
                                  0000c29c         0   none ,g         0
  __e.data
                                  0000c2b0         0   none ,g         0
  __s.bss
                                  000ff96c         0   none ,g         0
  __e.bss
                                  000ffbba         0   none ,g         0
  __s.text
                                  00002445         0   none ,g         0
  __e.text
                                  000025b1         0   none ,g         0
  __s.constf
                                  0000c29c         0   none ,g         0
  __e.constf
                                  0000c29c         0   none ,g         0
  __s.sdata
                                  0000c2b0         0   none ,g         0
  __e.sdata
                                  0000c2b0         0   none ,g         0
  __s.sbss
                                  000ffe20         0   none ,g         0
  __e.sbss
                                  000ffee0         0   none ,g         0
  __s.dataR
                                  000ff958         0   none ,g         0
  __e.dataR
                                  000ff96c         0   none ,g         0
  __s.sdataR
                                  000ffe20         0   none ,g         0
  __e.sdataR
                                  000ffe20         0   none ,g         0
  __s.stack_bss
                                  000ffda0         0   none ,g         0
  __e.stack_bss
                                  000ffe20         0   none ,g         0
  __s.RLIB
                                  000025b1         0   none ,g         0
  __e.RLIB
                                  000025cf         0   none ,g         0
  __s.SLIB
                                  000025cf         0   none ,g         0
  __e.SLIB
                                  000025cf         0   none ,g         0
  __s.jtext_AT2000
                                  00002000         0   none ,g         0
  __e.jtext_AT2000
                                  0000200e         0   none ,g         0
  __s.jtext_ATFBFC
                                  0000fbfc         0   none ,g         0
  __e.jtext_ATFBFC
                                  0000fbfe         0   none ,g         0
  __s.bss_ATFF900
                                  000ff900         0   none ,g         0
  __e.bss_ATFF900
                                  000ff958         0   none ,g         0
  __s.option_byte
                                  000000c0         0   none ,g         0
  __e.option_byte
                                  000000c4         0   none ,g         0
  __s.security_id
                                  000000c4         0   none ,g         0
  __e.security_id
                                  000000ce         0   none ,g         0
  __s.vect
                                  00000000         0   none ,g         0
  __e.vect
                                  00000080         0   none ,g         0
  __RAM_ADDR_START
                                  000ff900         0   none ,g         0
  __RAM_ADDR_END
                                  000ffee0         0   none ,g         0
  __STACK_ADDR_START
                                  000ffda0         0   none ,g         0
  __STACK_ADDR_END
                                  000ffbba         0   none ,g         0

*** Unfilled Areas ***

AREA                                START    END

*** Delete Symbols ***

SYMBOL                                SIZE    INFO

*** Variable Vector Table List ***

ADDRESS  SYMBOL/ADDRESS
00       _start
02       
04       
06       
08       _r_INTP0_interrupt@1
0a       _r_INTP1_interrupt@1
0c       _r_INTP2_interrupt@1
0e       _r_INTP3_interrupt@1
10       _r_INTP4_interrupt@1
12       _r_INTP5_interrupt@1
14       _r_INTP6_interrupt@1
16       
18       
1a       
1c       
1e       
20       _r_INTTM00_interrupt@1
22       
24       
26       
28       
2a       _r_INTTM01_interrupt@1
2c       _r_INTTM02_interrupt@1
2e       _r_INTTM03_interrupt@1
30       
32       
34       _r_INTAD_interrupt@1
36       
38       _r_INTIT_interrupt@1
3a       
3c       _r_PDCTRL_interrupt@1
3e       _r_INTSMBMST_interrupt@1
40       _r_INTSMBLSV_interrupt@1
42       _r_INTTCSCNT_interrupt@1
44       
46       
48       
4a       
4c       _r_INTP7_interrupt@1
4e       _r_INTIICA0_interrupt@1
50       
52       
54       
56       
58       
5a       
5c       
5e       
60       
62       
64       
66       
68       
6a       
6c       
6e       
70       
72       
74       
76       
78       
7a       
7c       
7e       
