Renesas Optimizing Linker (W3.07.00 )             06-May-2025 10:50:57

*** Options ***

-MAKEUD=Obj\Release\DRPEVB_with_SMBS.lk.ud
-subcommand=Obj\Release\DRPEVB_with_SMBS.clnk
-Input=Obj\Release\cstart.obj
-Input=Obj\Release\r_systeminit.obj
-Input=Obj\Release\stkinit.obj
-Input=Obj\Release\smbm_ctrl.obj
-Input=Obj\Release\user_timer.obj
-Input=Obj\Release\r_main.obj
-Input=Obj\Release\R_Main_UserInit.obj
-Input=Obj\Release\dcdc_ctrl.obj
-Input=Obj\Release\led_ctrl.obj
-Input=Obj\Release\sw_ctrl.obj
-Input=Obj\Release\user_main.obj
-Input=Obj\Release\user_main_protection.obj
-Input=Obj\Release\user_main_smbs.obj
-Input=Obj\Release\isl95338.obj
-Input=Obj\Release\subdev_ctrl.obj
-Input=Obj\Release\pd_defs.obj
-LIBrary=..\..\PDC\Lib\R9A02G011PDC.lib
-LIBrary=..\..\PDC\Lib\R9A02G011SMBS.lib
-SECURITY_ID=00000000000000000000
-DEVICE=C:\Program Files (x86)\Renesas Electronics\CS+\CC\Device\RL78\Devicefile\DR9A02G011.DVF
-DEBug
-NOCOmpress
-NOOPtimize
-OUtput=Obj\Release\DRPEVB_with_SMBS.abs
-LIBrary=C:\Program Files (x86)\Renesas Electronics\CS+\CC\CC-RL\V1.15.00\lib\rl78em4s.lib
-LIBrary=C:\Program Files (x86)\Renesas Electronics\CS+\CC\CC-RL\V1.15.00\lib\malloc_n.lib
-LIBrary=C:\Program Files (x86)\Renesas Electronics\CS+\CC\CC-RL\V1.15.00\lib\rl78em4r.lib
-OCDBG=04
-USER_OPT_BYTE=7F7BE0
-LISt=Obj\Release\DRPEVB_with_SMBS.map
-SHow=SYmbol,Reference,Total_size,VECTOR,STRUCT
-STARt=.const,.text,.RLIB,.SLIB,.textf,.constf,.data,.sdata/02010,.dataR,.bss/FF958,.stack_bss/FFDA0,.sdataR,.sbss/FFE20
-ROm=.data=.dataR
-ROm=.sdata=.sdataR
-NOMessage
-STACk
-NOLOgo
-end

*** Error information ***

*** Mapping List ***

SECTION                            START      END         SIZE   ALIGN
.vect
                                  00000000  0000007f        80   0
.option_byte
                                  000000c0  000000c3         4   1
.security_id
                                  000000c4  000000cd         a   1
.jtext_AT2000
                                  00002000  0000200d         e   1
.const
                                  00002010  00002260       251   2
.text
                                  00002261  000023cc       16c   1
.RLIB
                                  000023cd  000023ea        1e   1
.SLIB
                                  000023eb  000023eb         0   1
.textf
                                  000023eb  0000bbf4      980a   1
.constf
                                  0000bbf6  0000bbf6         0   2
.data
                                  0000bbf6  0000bbf6         0   2
.sdata
                                  0000bbf6  0000bbf6         0   2
.jtext_ATFBFC
                                  0000fbfc  0000fbfd         2   1
.bss_ATFF900
                                  000ff900  000ff957        58   1
.dataR
                                  000ff958  000ff958         0   2
.bss
                                  000ff958  000ffbab       254   2
.stack_bss
                                  000ffda0  000ffe1f        80   2
.sdataR
                                  000ffe20  000ffe20         0   2
.sbss
                                  000ffe20  000ffedf        c0   2

*** Total Section Size ***

RAMDATA SECTION:  000003ec Byte(s)
ROMDATA SECTION:  000002df Byte(s)
PROGRAM SECTION:  000099a4 Byte(s)

*** Symbol List ***

SECTION=
FILE=                               START        END    SIZE
  SYMBOL                            ADDR        SIZE    INFO      COUNTS  OPT
    STRUCT                                      SIZE
      MEMBER                        ADDR        SIZE    INFO

SECTION=.vect
FILE=rlink_generates_03
                                  00000000  0000007f        80

SECTION=.option_byte
FILE=rlink_generates_01
                                  000000c0  000000c3         4

SECTION=.security_id
FILE=rlink_generates_02
                                  000000c4  000000cd         a

SECTION=.jtext_AT2000
FILE=Obj\Release\cstart.obj
                                  00002000  0000200d         e

SECTION=.const
FILE=Obj\Release\user_main_protection.obj
                                  00002010  0000202f        20
  _temp_table_volt@2@user_func_chk_device
                                  00002010        10   data ,l         2
  _temp_table_temp@1@user_func_chk_device
                                  00002020        10   data ,l         1
FILE=Obj\Release\isl95338.obj
                                  00002030  0000206e        3f
FILE=Obj\Release\subdev_ctrl.obj
                                  00002070  000020f7        88
  _ucBitMask@1
                                  00002070         8   data ,l         6
  _ulSuvdevInitFunc@2
                                  00002078        20   data ,l         2
  _ulSuvdevAlertFunc@3
                                  00002098        20   data ,l         0
  _ulSubdevFunc@4
                                  000020b8        20   data ,l         2
  _ulSubdevResetFunc@5
                                  000020d8        20   data ,l         0
FILE=Obj\Release\pd_defs.obj
                                  000020f8  00002183        8c
  _PD_SPEC_REV
                                  000020f8         1   data ,g         5
  _PD_PDM_SPRT_GET_SRCCAP_E
                                  000020f9         1   data ,g         1
  _PD_PDM_SPRT_GET_BAT_CAP
                                  000020fa         1   data ,g         1
  _PD_PDM_SPRT_GET_BAT_STATUS
                                  000020fb         1   data ,g         1
  _PD_PDM_SPRT_GET_PPS_STATUS
                                  000020fc         1   data ,g         1
  _PD_PDM_SPRT_GET_MFI
                                  000020fd         1   data ,g         1
  _PD_PDM_SPRT_GET_SNKCAP_E
                                  000020fe         1   data ,g         1
  _PD_VID
                                  00002100         2   data ,g         4
  _PD_PID
                                  00002102         2   data ,g         4
  _PD_XID
                                  00002104         4   data ,g         6
  _PD_BCD_DEVICE
                                  00002108         2   data ,g         1
  _PD_FW_VER
                                  0000210a         1   data ,g         1
  _PD_HW_VER
                                  0000210b         1   data ,g         2
  _PD_USB_COMM_CAPABLE
                                  0000210c         1   data ,g         1
  _PD_IS_USB_HOST
                                  0000210d         1   data ,g         1
  _PD_IS_USB_DEVICE
                                  0000210e         1   data ,g         1
  _PD_USB_SUSPEND_SUPPORT
                                  0000210f         1   data ,g         1
  _PD_NO_USB_SUSPEND
                                  00002110         1   data ,g         1
  _PD_PRODUCT_TYPE_UFP
                                  00002111         1   data ,g         1
  _PD_PRODUCT_TYPE_DFP
                                  00002112         1   data ,g         1
  _PD_MODAL_OPE_SUPPORT
                                  00002113         1   data ,g         1
  _PD_CONNECTOR_TYPE
                                  00002114         1   data ,g         3
  _PD_DEVICE_CAP
                                  00002115         1   data ,g         1
  _PD_HOST_CAP
                                  00002116         1   data ,g         1
  _PD_PORT_NUM
                                  00002117         1   data ,g         1
  _PD_UFP_VDO
                                  00002118         2   data ,g         1
  _PD_SRC_PDO1_PEAK_CUR
                                  0000211a         1   data ,g         1
  _PD_SNK_PDO1_FR_SWAP_REQ
                                  0000211b         1   data ,g         2
  _PD_SRC_PDO1_MAX_CUR
                                  0000211c         2   data ,g         1
  _PD_SNK_PDO1_OPE_CUR
                                  0000211e         2   data ,g         2
  _PD_SRC_PDO2
                                  00002120         4   data ,g         3
  _PD_SRC_PDO3
                                  00002124         4   data ,g         2
  _PD_SRC_PDO4
                                  00002128         4   data ,g         2
  _PD_SRC_PDO5
                                  0000212c         4   data ,g         2
  _PD_SRC_PDO6
                                  00002130         4   data ,g         2
  _PD_SRC_PDO7
                                  00002134         4   data ,g         2
  _PD_SNK_PDO2
                                  00002138         4   data ,g         2
  _PD_SNK_PDO3
                                  0000213c         4   data ,g         2
  _PD_SNK_PDO4
                                  00002140         4   data ,g         2
  _PD_SNK_PDO5
                                  00002144         4   data ,g         2
  _PD_SNK_PDO6
                                  00002148         4   data ,g         2
  _PD_SNK_PDO7
                                  0000214c         4   data ,g         2
  _PD_SCEDB_VOLT_REG
                                  00002150         1   data ,g         1
  _PD_SCEDB_HOLDUP_TIME
                                  00002151         1   data ,g         1
  _PD_SCEDB_COMPLIANCE
                                  00002152         1   data ,g         1
  _PD_SCEDB_TOUCH_CUR
                                  00002153         1   data ,g         1
  _PD_SCEDB_PEAK_CUR1
                                  00002154         2   data ,g         1
  _PD_SCEDB_PEAK_CUR2
                                  00002156         2   data ,g         1
  _PD_SCEDB_PEAK_CUR3
                                  00002158         2   data ,g         1
  _PD_SCEDB_TOUCH_TEMP
                                  0000215a         1   data ,g         1
  _PD_SCEDB_BATTERIES
                                  0000215b         1   data ,g         1
  _PD_SCEDB_SRC_PDP
                                  0000215c         1   data ,g         1
  _PD_SKEDB_VERSION
                                  0000215d         1   data ,g         1
  _PD_SKEDB_LOAD_STEP
                                  0000215e         1   data ,g         1
  _PD_SKEDB_LOAD_CHARA
                                  00002160         2   data ,g         1
  _PD_SKEDB_COMPLIANCE
                                  00002162         1   data ,g         1
  _PD_SKEDB_TOUCH_TEMP
                                  00002163         1   data ,g         1
  _PD_SKEDB_BAT_INFO
                                  00002164         1   data ,g         1
  _PD_SKEDB_SNK_MODES
                                  00002165         1   data ,g         1
  _PD_SKEDB_SNK_MIN_PDP
                                  00002166         1   data ,g         1
  _PD_SKEDB_SNK_OPE_PDP
                                  00002167         1   data ,g         1
  _PD_SKEDB_SNK_MAX_PDP
                                  00002168         1   data ,g         1
  _PD_NUM_OF_MFI_STR
                                  00002169         1   data ,g         1
  _PD_MFI_STR01
                                  0000216a         1   data ,g         1
  _PD_MFI_STR02
                                  0000216b         1   data ,g         1
  _PD_MFI_STR03
                                  0000216c         1   data ,g         1
  _PD_MFI_STR04
                                  0000216d         1   data ,g         1
  _PD_MFI_STR05
                                  0000216e         1   data ,g         1
  _PD_MFI_STR06
                                  0000216f         1   data ,g         1
  _PD_MFI_STR07
                                  00002170         1   data ,g         1
  _PD_MFI_STR08
                                  00002171         1   data ,g         1
  _PD_MFI_STR09
                                  00002172         1   data ,g         1
  _PD_MFI_STR10
                                  00002173         1   data ,g         1
  _PD_MFI_STR11
                                  00002174         1   data ,g         1
  _PD_MFI_STR12
                                  00002175         1   data ,g         1
  _PD_MFI_STR13
                                  00002176         1   data ,g         1
  _PD_MFI_STR14
                                  00002177         1   data ,g         1
  _PD_MFI_STR15
                                  00002178         1   data ,g         1
  _PD_MFI_STR16
                                  00002179         1   data ,g         1
  _PD_MFI_STR17
                                  0000217a         1   data ,g         1
  _PD_MFI_STR18
                                  0000217b         1   data ,g         1
  _PD_MFI_STR19
                                  0000217c         1   data ,g         1
  _PD_MFI_STR20
                                  0000217d         1   data ,g         1
  _PD_MFI_STR21
                                  0000217e         1   data ,g         1
  _PD_MFI_STR22
                                  0000217f         1   data ,g         1
  _PD_SND_MESS_SIZE
                                  00002180         2   data ,g         0
  _PD_RCV_MESS_SIZE
                                  00002182         2   data ,g         1
FILE=pd_core
                                  00002184  0000218f         c
  _TM_VAL_PWR_CTRL
                                  00002184         c   data ,g         0
FILE=pd_main
                                  00002190  000021cf        40
  _DEF_VAL_TM16
                                  00002190        18   data ,g         b
  _DEF_VAL_TM8
                                  000021a8        14   data ,g        17
  _DEF_CNT_MAX
                                  000021bc         4   data ,g         3
  _DEF_VAL_TM_PS
                                  000021c0        10   data ,g         6
FILE=R9A02G011SMBS
                                  000021d0  000021fb        2c
  _SMBS_CMD_DEF
                                  000021d0        2c   data ,g         1
FILE=libdef_pdc
                                  000021fc  0000220f        14
FILE=pol_eng
                                  00002210  00002260        51

SECTION=.text
FILE=Obj\Release\cstart.obj
                                  00002261  000022be        5e
  _start
                                  00002261         0   none ,g         1
  _exit
                                  000022bd         0   none ,g         1
FILE=interrupt
                                  000022bf  000023cc       10e
  _r_INTP0_interrupt@1
                                  000022bf         d   func ,l         0
  _r_INTP1_interrupt@1
                                  000022cc         e   func ,l         0
  _r_INTP2_interrupt@1
                                  000022da         e   func ,l         0
  _r_INTP3_interrupt@1
                                  000022e8         e   func ,l         0
  _r_INTP4_interrupt@1
                                  000022f6         e   func ,l         0
  _r_INTP5_interrupt@1
                                  00002304         e   func ,l         0
  _r_INTP6_interrupt@1
                                  00002312         e   func ,l         0
  _r_INTTM00_interrupt@1
                                  00002320         e   func ,l         0
  _r_INTTM01_interrupt@1
                                  0000232e         e   func ,l         0
  _r_INTTM02_interrupt@1
                                  0000233c         d   func ,l         0
  _r_INTTM03_interrupt@1
                                  00002349         d   func ,l         0
  _r_INTAD_interrupt@1
                                  00002356         d   func ,l         0
  _r_PDCTRL_interrupt@1
                                  00002363         d   func ,l         0
  _r_INTSMBMST_interrupt@1
                                  00002370         d   func ,l         0
  _r_INTSMBLSV_interrupt@1
                                  0000237d         d   func ,l         0
  _r_INTTCSCNT_interrupt@1
                                  0000238a         d   func ,l         0
  _r_INTP7_interrupt@1
                                  00002397         d   func ,l         0
  _r_INTIICA0_interrupt@1
                                  000023a4         d   func ,l         0
  _r_INTIT_interrupt@1
                                  000023b1         d   func ,l         0
  __CommonCode@0
                                  000023be         7   func ,l        13
  __CommonCode@1
                                  000023c5         8   func ,l        13

SECTION=.RLIB
FILE=memset
                                  000023cd  000023da         e
  _memset
                                  000023cd         0   none ,g         2
FILE=memcpy
                                  000023db  000023ea        10
  _memcpy
                                  000023db         0   none ,g         1

SECTION=.textf
FILE=Obj\Release\r_systeminit.obj
                                  000023eb  000023fa        10
  _R_Systeminit
                                  000023eb         9   func ,g         1
  _hdwinit
                                  000023f4         7   func ,g         1
FILE=Obj\Release\stkinit.obj
                                  000023fb  0000243e        44
  _stkinit
                                  000023fb         0   none ,g         1
  LSTINIT1
                                  00002409         0   none ,l         1
  LSTINIT2
                                  00002433         0   none ,l         2
  LSTINIT3
                                  0000243e         0   none ,l         2
FILE=Obj\Release\smbm_ctrl.obj
                                  0000243f  0000272f       2f1
  _smbm_init
                                  0000243f        32   func ,g         1
  _smbm_ctrl
                                  00002471        ac   func ,g         1
  _smbm_set_subdev
                                  0000251d         9   func ,g         1
  _smbm_set_protocol
                                  00002526        c4   func ,g         1
  _smbm_clr_status
                                  000025ea        13   func ,g         1
  _smbm_reset
                                  000025fd        2b   func ,g         0
  _smbm_int_write_routine
                                  00002628        65   func ,g         2
  _smbm_int_read_routine
                                  0000268d        7b   func ,g         2
  _smbm_copy_word
                                  00002708        28   func ,g         1
FILE=Obj\Release\user_timer.obj
                                  00002730  000028c2       193
  _init_tau0_channel1
                                  00002730        26   func ,g         1
  _init_tau0_channel2
                                  00002756        24   func ,g         0
  _init_tau0_channel3
                                  0000277a        24   func ,g         1
  _init_tm_12bit
                                  0000279e         5   func ,g         1
  _tm_12bit_start_gtimer
                                  000027a3        20   func ,g         3
  _tm_12tm_stop_gtimer
                                  000027c3        15   func ,g         1
  _tm_12bit_intr_hdlr
                                  000027d8         4   func ,g         6
  _tm1_start_gtimer
                                  000027dc        1f   func ,g         1
  _tm2_start_gtimer
                                  000027fb        44   func ,g         0
  _tm1_is_start_gtimer
                                  0000283f         9   func ,g         1
  _tm3_start_gtimer
                                  00002848        1f   func ,g         0
  _tm1_stop_gtimer
                                  00002867        10   func ,g         1
  _tm2_stop_gtimer
                                  00002877        10   func ,g         0
  _tm3_stop_gtimer
                                  00002887        10   func ,g         0
  _tm_calc_counter
                                  00002897        2c   func ,g         3
FILE=Obj\Release\r_main.obj
                                  000028c3  000029b8        f6
  _main
                                  000028c3        f6   func ,g         1
FILE=Obj\Release\R_Main_UserInit.obj
                                  000029b9  00002a24        6c
  _R_MAIN_UserInit
                                  000029b9        54   func ,g         1
  _user_func_set_snk_intrusive_dis
                                  00002a0d         c   func ,g         1
  _user_func_set_snk_intrusive_en
                                  00002a19         c   func ,g         1
FILE=Obj\Release\dcdc_ctrl.obj
                                  00002a25  00002ee5       4c1
  _dcdc_ctrl
                                  00002a25        1c   func ,g         1
  _dcdc_init
                                  00002a41        13   func ,g         1
  _isl_s0
                                  00002a54        84   func ,g         1
  _isl_s1
                                  00002ad8        71   func ,g         1
  _isl_s1_off_sq
                                  00002b49        49   func ,g         1
  _isl_s1_on_sq
                                  00002b92        ba   func ,g         1
  _isl_s1_chg_sq
                                  00002c4c        6a   func ,g         1
  _isl_s1_snk_off_sq
                                  00002cb6        66   func ,g         1
  _isl_s1_snk_on_sq
                                  00002d1c        83   func ,g         1
  _isl_s1_snk_chg_sq
                                  00002d9f        92   func ,g         1
  _isl_s1_clr_sq
                                  00002e31        3c   func ,g         0
  _isl_s1_get_info
                                  00002e6d        79   func ,g         1
FILE=Obj\Release\led_ctrl.obj
                                  00002ee6  00002f51        6c
  _led_init
                                  00002ee6         1   func ,g         1
  _led_ctrl
                                  00002ee7        6b   func ,g         1
FILE=Obj\Release\sw_ctrl.obj
                                  00002f52  00002fba        69
  _sw_init
                                  00002f52        22   func ,g         1
  _sw_ctrl
                                  00002f74        23   func ,g         1
  _sw_func_intr_sw
                                  00002f97        14   func ,g         2
  _sw_func_intr_timer_sw
                                  00002fab        10   func ,g         2
FILE=Obj\Release\user_main.obj
                                  00002fbb  000032f2       338
  _user_init
                                  00002fbb        a9   func ,g         1
  _user_func_event
                                  00003064       28f   func ,g         1
FILE=Obj\Release\user_main_protection.obj
                                  000032f3  00003517       225
  _user_func_chk_device
                                  000032f3       170   func ,g         1
  _user_func_snd_mess
                                  00003463        73   func ,g         0
  _user_func_start_timer_thermistor
                                  000034d6        28   func ,g         1
  _user_func_stop_timer_thermistor
                                  000034fe        10   func ,g         1
  _user_func_intr_timer_thermistor
                                  0000350e         a   func ,g         2
FILE=Obj\Release\user_main_smbs.obj
                                  00003518  00003bb2       69b
  _user_smbs_init
                                  00003518        26   func ,g         1
  _user_func_smbs
                                  0000353e       669   func ,g         1
  _user_func_smbs_clr_rdo
                                  00003ba7         c   func ,g         3
FILE=Obj\Release\isl95338.obj
                                  00003bb3  00003ece       31c
  _init_isl95338
                                  00003bb3         7   func ,g         2
  _isl95338_ctrl
                                  00003bba        27   func ,g         2
  _isl95338_cmd_handler
                                  00003be1        20   func ,g         1
  _isl95338_cmd
                                  00003c01       2b2   func ,g         1
  _isl95338_end_processing
                                  00003eb3        1c   func ,g         1
FILE=Obj\Release\subdev_ctrl.obj
                                  00003ecf  00003fd5       107
  _subdev_init
                                  00003ecf        44   func ,g         1
  _subdev_ctrl
                                  00003f13        b2   func ,g         1
  _subdev_get_alerthandler
                                  00003fc5         f   func ,g         1
  _subdev_get_alert_signal
                                  00003fd4         2   func ,g         1
FILE=analog
                                  00003fd6  000041b8       1e3
  _pdc_req_update_an
                                  00003fd6        33   func ,g         1
  _pdc_get_an_volt
                                  00004009        3c   func ,g         4
  _init_an
                                  00004045        47   func ,g         1
  _an_ctrl
                                  0000408c        e4   func ,g         1
  _an_get_volt
                                  00004170        10   func ,g         2
  _an_get_vbus_volt
                                  00004180        31   func ,g         1
  __CommonCode@0
                                  000041b1         8   func ,l         4
FILE=interrupt
                                  000041b9  00004207        4f
  _pdc_set_int_routine
                                  000041b9        18   func ,g        13
  _interrupt_common
                                  000041d1        23   func ,g        13
  _init_int_routine
                                  000041f4        14   func ,g         1
FILE=pd_core
                                  00004208  00004b57       950
  _pdc_get_version
                                  00004208         4   func ,g         1
  _pd_core_init
                                  0000420c        ce   func ,g         1
  _pd_core
                                  000042da        83   func ,g         1
  _pdc_active
                                  0000435d         b   func ,g         1
  _pdc_run
                                  00004368        2d   func ,g         3
  _pdc_stop
                                  00004395        26   func ,g         1
  _pdc_enter_deep
                                  000043bb        43   func ,g         1
  _pdc_exit_deep
                                  000043fe        10   func ,g         0
  _pdc_get_status
                                  0000440e         8   func ,g         7
  _pdc_get_idle_time
                                  00004416        40   func ,g         2
  _pdc_set_cmd
                                  00004456       283   func ,g         7
  _pdc_get_cmd_result
                                  000046d9         8   func ,g         3
  _set_ext_reg
                                  000046e1        2a   func ,g         1
  _pdc_timer_active
                                  0000470b         7   func ,g         a
  _pdc_get_req_volt
                                  00004712         4   func ,g         4
  _pdc_get_req_cur
                                  00004716         4   func ,g         4
  _pdc_get_vrd
                                  0000471a         4   func ,g         0
  _pdc_set_port_conf
                                  0000471e        ee   func ,g         2
  _pdc_set_src_conf
                                  0000480c        48   func ,g         2
  _pdc_set_snk_conf
                                  00004854        2e   func ,g         4
  _pdc_set_sys_conf
                                  00004882        b3   func ,g         2
  _pdc_set_dev_stat
                                  00004935        65   func ,g         2
  _pdc_set_pps_stat
                                  0000499a        2e   func ,g         0
  _pdc_set_custom_mode
                                  000049c8        22   func ,g         0
  _pdc_get_rdo
                                  000049ea        17   func ,g         1
  _pdc_get_pdo
                                  00004a01        49   func ,g         0
  _pdc_get_num_of_pdos
                                  00004a4a        17   func ,g         0
  _pd_tm_start_user_cnt
                                  00004a61        10   func ,g         4
  _pd_tm_stop_user_cnt
                                  00004a71        10   func ,g         5
  _pd_tm_chk_user_stat
                                  00004a81         f   func ,g         4
  _pdc_set_user_ams_mode
                                  00004a90        30   func ,g         0
  _pdc_get_user_ams_mode
                                  00004ac0         8   func ,g         0
  _pdc_req_snd_bat_chg_alert
                                  00004ac8        15   func ,g         0
  _pdc_is_pps_mode
                                  00004add         c   func ,g         3
  _pdc_set_pwr_stat
                                  00004ae9         d   func ,g         1
  _pdc_set_product_info
                                  00004af6        15   func ,g         2
  _pdc_get_product_info
                                  00004b0b         8   func ,g         1
  _pdc_set_usb_comm
                                  00004b13         8   func ,g         2
  _pdc_get_usb_comm
                                  00004b1b         5   func ,g         2
  __CommonCode@0
                                  00004b20        10   func ,l         2
  __CommonCode@1
                                  00004b30         e   func ,l         2
  __CommonCode@2
                                  00004b3e        13   func ,l         2
  __CommonCode@3
                                  00004b51         7   func ,l         7
FILE=R9A02G011SMBS
                                  00004b58  00005415       8be
  _smbs_get_version
                                  00004b58         4   func ,g         0
  _smbs_init
                                  00004b5c        a2   func ,g         1
  _smbs_core
                                  00004bfe       1ec   func ,g         1
  _smbs_get_cmd
                                  00004dea        1d   func ,g         1
  _smbs_set_cmd_result
                                  00004e07        1d   func ,g         2
  _smbs_get_ctrl_conf1
                                  00004e24         4   func ,g         2
  _smbs_set_ctrl_conf1
                                  00004e28         a   func ,g         2
  _smbs_get_ctrl_conf2
                                  00004e32         4   func ,g         2
  _smbs_set_ctrl_conf2
                                  00004e36         a   func ,g         2
  _smbs_get_obj_data_sel
                                  00004e40         c   func ,g         2
  _smbs_get_obj_data
                                  00004e4c        33   func ,g         1
  _smbs_set_obj_data
                                  00004e7f        22   func ,g         2
  _smbs_set_sys_conf1
                                  00004ea1         4   func ,g         1
  _smbs_set_sys_conf2
                                  00004ea5         4   func ,g         1
  _smbs_set_dev_cap
                                  00004ea9         4   func ,g         1
  _smbs_set_usr_alrt
                                  00004ead         5   func ,g         0
  _smbs_set_usr_status
                                  00004eb2        10   func ,g         0
  _smbs_set_alrt_en
                                  00004ec2         4   func ,g         0
  _smbs_get_alrt_en
                                  00004ec6         4   func ,g         0
  _smbs_cmd_ctrl
                                  00004eca       10d   func ,g         1
  _smbs_chk_ccmd
                                  00004fd7        d2   func ,g         1
  _smbs_r_obj_data
                                  000050a9       27f   func ,g         1
  _smbs_dis
                                  00005328        37   func ,g         1
  _smbs_is_deep_sleep
                                  0000535f         d   func ,g         1
  _smbs_intr_hdlr
                                  0000536c        12   func ,g         3
  _smbs_en
                                  0000537e        47   func ,g         2
  __CommonCode@0
                                  000053c5        15   func ,l         2
  __CommonCode@1
                                  000053da         9   func ,l         6
  __CommonCode@2
                                  000053e3         9   func ,l         3
  __CommonCode@3
                                  000053ec         9   func ,l         4
  __CommonCode@4
                                  000053f5         9   func ,l         2
  __CommonCode@5
                                  000053fe         9   func ,l         2
  __CommonCode@6
                                  00005407         f   func ,l         2
FILE=libdef_pdc
                                  00005416  0000545c        47
  _pdclib_chk_id
                                  00005416        47   func ,g         1
FILE=pdm
                                  0000545d  0000642b       fcf
  _init_pdm
                                  0000545d        23   func ,g         1
  _pdm_enable
                                  00005480        24   func ,g         2
  _pdm_rcv_disable
                                  000054a4         a   func ,g         1
  _pdm_disable
                                  000054ae        1f   func ,g         1
  _pdm_init_spec_rev
                                  000054cd         f   func ,g         2
  _pdm_set_spec_rev
                                  000054dc        38   func ,g         a
  _pdm_get_spec_rev
                                  00005514         b   func ,g         2
  _pdm_set_tx_retry
                                  0000551f        25   func ,g         2
  _pdm_update_spec_rev
                                  00005544        24   func ,g         1
  _pdm
                                  00005568       388   func ,g         1
  _pdm_is_di_ack_cp
                                  000058f0        1c   func ,g         2
  _pdm_is_cable_type
                                  0000590c        2c   func ,g         2
  _pdm_restart
                                  00005938        11   func ,g         2
  _pdm_sw_dr
                                  00005949        16   func ,g         1
  _pdm_sw_pr
                                  0000595f        16   func ,g         2
  _pdm_get_dr
                                  00005975        17   func ,g         a
  _pdm_get_intr_mess_result
                                  0000598c        2e   func ,g         1
  _pdm_tx_stat
                                  000059ba       476   func ,g         1
  _pdm_spec_ctrl
                                  00005e30        3e   func ,g         1
  _pdm_chk_resp
                                  00005e6e       1f6   func ,g         1
  _pdm_chk_pd3_resp
                                  00006064        47   func ,g         1
  _pdm_set_role
                                  000060ab        13   func ,g         2
  _pdm_reset_protocol
                                  000060be        2c   func ,g         6
  _pdm_get_state_preset
                                  000060ea         7   func ,g         4
  _pdm_get_state_hreset
                                  000060f1         9   func ,g         1
  _pdm_sw_rx_state
                                  000060fa        20   func ,g         4
  _pdm_physet_dis
                                  0000611a         8   func ,g         5
  _pdm_sw_rx_sopp
                                  00006122        22   func ,g         5
  _pdm_sw_bist
                                  00006144        17   func ,g         2
  _pdm_chk_bist
                                  0000615b         9   func ,g         1
  _pdm_rom_acs_init
                                  00006164        2b   func ,g         1
  _pdm_chk_uvdm_resp_en
                                  0000618f        47   func ,g         1
  _pdm_chk_uvdm_resp
                                  000061d6        30   func ,g         1
  _pdm_set_epdm_chk_mess
                                  00006206        9d   func ,g         2
  _pdm_set_epdm_unchk_mess
                                  000062a3        43   func ,g         1
  _pdm_set_epdm_chk_req
                                  000062e6        1a   func ,g         1
  _pdm_is_rcv_mess
                                  00006300        1b   func ,g         6
  __CommonCode@0
                                  0000631b         b   func ,l         2
  __CommonCode@1
                                  00006326         d   func ,l         4
  __CommonCode@2
                                  00006333         c   func ,l         2
  __CommonCode@3
                                  0000633f         a   func ,l         2
  __CommonCode@4
                                  00006349         8   func ,l         5
  __CommonCode@5
                                  00006351         b   func ,l         2
  __CommonCode@6
                                  0000635c        14   func ,l         2
  __CommonCode@7
                                  00006370         6   func ,l         5
  __CommonCode@8
                                  00006376         a   func ,l         7
  __CommonCode@9
                                  00006380         5   func ,l         9
  __CommonCode@10
                                  00006385         9   func ,l         4
  __CommonCode@11
                                  0000638e         b   func ,l         2
  __CommonCode@12
                                  00006399         8   func ,l         3
  __CommonCode@13
                                  000063a1         8   func ,l         4
  __CommonCode@14
                                  000063a9         6   func ,l         3
  __CommonCode@15
                                  000063af        18   func ,l         2
  __CommonCode@16
                                  000063c7         7   func ,l         4
  __CommonCode@17
                                  000063ce         5   func ,l         7
  __CommonCode@18
                                  000063d3         7   func ,l         4
  __CommonCode@19
                                  000063da         f   func ,l         2
  __CommonCode@20
                                  000063e9         5   func ,l         4
  __CommonCode@21
                                  000063ee         7   func ,l         3
  __CommonCode@22
                                  000063f5         6   func ,l         5
  __CommonCode@23
                                  000063fb        11   func ,l         2
  __CommonCode@24
                                  0000640c        14   func ,l         2
  __CommonCode@25
                                  00006420         c   func ,l         2
FILE=pol_eng
                                  0000642c  0000855c      2131
  _init_pol_eng
                                  0000642c        1c   func ,g         2
  _pol_eng
                                  00006448       1de   func ,g         1
  _pe_stat_init
                                  00006626       1d1   func ,g         1
  _pe_stat_snk
                                  000067f7       26d   func ,g         1
  _pe_stat_src
                                  00006a64       43f   func ,g         1
  _pe_stat_rdy_rcvmess
                                  00006ea3       345   func ,g         1
  _pe_stat_rdy_polman
                                  000071e8       25f   func ,g         1
  _pe_stat_rdy_resndmess
                                  00007447        4f   func ,g         1
  _pe_stat_rdy
                                  00007496       86a   func ,g         1
  _pe_stat_bist
                                  00007d00        1d   func ,g         1
  _pe_stat_swap
                                  00007d1d       1d5   func ,g         1
  _pe_snd_req_pdo
                                  00007ef2        c0   func ,g         3
  _pe_snd_req_resp
                                  00007fb2        18   func ,g         5
  _pe_swap_comp
                                  00007fca        28   func ,g         2
  _pe_nego_fail
                                  00007ff2         2   func ,g         0
  _pe_snd_sr
                                  00007ff4        11   func ,g         f
  _pe_hardreset
                                  00008005        41   func ,g        11
  _pe_fail
                                  00008046         e   func ,g         3
  _pe_enter_Disable
                                  00008054        13   func ,g         1
  _pe_enter_ErrRcvr
                                  00008067        1c   func ,g         b
  _pe_cancel_chk_di
                                  00008083         f   func ,g         2
  _pe_goto_rdy_idle
                                  00008092        29   func ,g        15
  _pe_set_di_req
                                  000080bb        19   func ,g         1
  _pm_set_dfp_vdo
                                  000080d4        37   func ,g         2
  _pm_set_di_vdo
                                  0000810b        bb   func ,g         2
  _pe_chk_vdm
                                  000081c6       115   func ,g         3
  _pe_make_reqp_usvdm
                                  000082db        75   func ,g         1
  _pe_make_reqp_svdm
                                  00008350        28   func ,g         1
  _pe_chk_svdm_resp
                                  00008378        4d   func ,g         2
  __CommonCode@0
                                  000083c5         d   func ,l         2
  __CommonCode@1
                                  000083d2         9   func ,l         8
  __CommonCode@2
                                  000083db         b   func ,l         3
  __CommonCode@3
                                  000083e6         7   func ,l        25
  __CommonCode@4
                                  000083ed         6   func ,l         5
  __CommonCode@5
                                  000083f3         6   func ,l         4
  __CommonCode@6
                                  000083f9         a   func ,l         4
  __CommonCode@7
                                  00008403         7   func ,l        16
  __CommonCode@8
                                  0000840a         6   func ,l        18
  __CommonCode@9
                                  00008410         8   func ,l         3
  __CommonCode@10
                                  00008418         a   func ,l         2
  __CommonCode@11
                                  00008422         9   func ,l        11
  __CommonCode@12
                                  0000842b         7   func ,l         4
  __CommonCode@13
                                  00008432         8   func ,l         3
  __CommonCode@14
                                  0000843a         8   func ,l        10
  __CommonCode@15
                                  00008442        1c   func ,l         2
  __CommonCode@16
                                  0000845e         6   func ,l         8
  __CommonCode@17
                                  00008464         7   func ,l         5
  __CommonCode@18
                                  0000846b        11   func ,l         2
  __CommonCode@19
                                  0000847c         7   func ,l         4
  __CommonCode@20
                                  00008483        13   func ,l         2
  __CommonCode@21
                                  00008496         7   func ,l         5
  __CommonCode@22
                                  0000849d         f   func ,l         2
  __CommonCode@23
                                  000084ac         d   func ,l         2
  __CommonCode@24
                                  000084b9         f   func ,l         2
  __CommonCode@25
                                  000084c8         f   func ,l         2
  __CommonCode@26
                                  000084d7         c   func ,l         2
  __CommonCode@27
                                  000084e3         b   func ,l         2
  __CommonCode@28
                                  000084ee         8   func ,l         3
  __CommonCode@29
                                  000084f6         b   func ,l         2
  __CommonCode@30
                                  00008501         a   func ,l         2
  __CommonCode@31
                                  0000850b         9   func ,l         3
  __CommonCode@32
                                  00008514         8   func ,l         3
  __CommonCode@33
                                  0000851c        15   func ,l         2
  __CommonCode@34
                                  00008531         b   func ,l         2
  __CommonCode@35
                                  0000853c         7   func ,l         4
  __CommonCode@36
                                  00008543        1a   func ,l         2
FILE=pol_man
                                  0000855d  0000a852      22f6
  _pm_cmd_comp
                                  0000855d        1e   func ,g        43
  _init_pol_man
                                  0000857b        34   func ,g         2
  _pol_man
                                  000085af        89   func ,g         1
  _pm_stat_main
                                  00008638       2af   func ,g         1
  _pm_stat_init
                                  000088e7       1a6   func ,g         1
  _pm_stat_snkngt
                                  00008a8d       17a   func ,g         1
  _pm_stat_srcngt
                                  00008c07       1fe   func ,g         1
  _pm_stat_swap_pr
                                  00008e05       21f   func ,g         1
  _pm_stat_swap_vc
                                  00009024       1bd   func ,g         1
  _pm_chk_status
                                  000091e1       2fd   func ,g         1
  _pm_set_rdo
                                  000094de       20f   func ,g         1
  _pm_chk_same_pdo
                                  000096ed        57   func ,g         1
  _pm_make_snkpdo
                                  00009744       152   func ,g         2
  _pm_calc_srcpdo_sys
                                  00009896       1d0   func ,g         3
  _pm_make_srcpdo_cur
                                  00009a66       110   func ,g         4
  _pm_init_pdo
                                  00009b76        76   func ,g         3
  _pm_update_pdo_extpwr
                                  00009bec        11   func ,g         1
  _pm_update_pdo_role
                                  00009bfd        40   func ,g         0
  _pm_eva_rdo
                                  00009c3d        f4   func ,g         2
  _pm_get_match_pos
                                  00009d31        eb   func ,g         1
  _pm_search_match_pdo_fix
                                  00009e1c        db   func ,g         1
  _pm_search_match_pdo_var
                                  00009ef7        a6   func ,g         1
  _pm_search_match_pdo_bat
                                  00009f9d        d6   func ,g         1
  _pm_set_status
                                  0000a073        88   func ,g         1
  _pm_get_extpwr_uc
                                  0000a0fb         c   func ,g         1
  _pm_update_nego_info
                                  0000a107        18   func ,g         2
  _pm_chk_vc_swap
                                  0000a11f        2c   func ,g         4
  _pm_chk_resp_pr_swap
                                  0000a14b        24   func ,g         1
  _pm_chk_req_pr_swap
                                  0000a16f        33   func ,g         3
  _pm_start_auto_swap
                                  0000a1a2        1a   func ,g         2
  _pm_chk_resp_dr_swap
                                  0000a1bc        2a   func ,g         1
  _pm_chk_req_dr_swap
                                  0000a1e6        39   func ,g         2
  _pm_get_stat_exit_swap
                                  0000a21f        14   func ,g         1
  _pm_get_nego_stat
                                  0000a233         6   func ,g         6
  _pm_reset_vc
                                  0000a239         8   func ,g         2
  _pm_vc_on
                                  0000a241        11   func ,g         3
  _pm_chk_cp_info
                                  0000a252        4d   func ,g         1
  _pm_set_scedb
                                  0000a29f        6d   func ,g         1
  _pm_set_skedb
                                  0000a30c        4b   func ,g         1
  _pm_set_midb
                                  0000a357        a7   func ,g         1
  _pm_set_midb_unknown
                                  0000a3fe        4f   func ,g         1
  _pm_set_ppsdb
                                  0000a44d        37   func ,g         1
  _pm_smbs_init
                                  0000a484        31   func ,g         2
  _pm_snd_req_cmd
                                  0000a4b5       140   func ,g         4
  __CommonCode@0
                                  0000a5f5         9   func ,l         3
  __CommonCode@1
                                  0000a5fe         8   func ,l         3
  __CommonCode@2
                                  0000a606        28   func ,l         2
  __CommonCode@3
                                  0000a62e         b   func ,l         2
  __CommonCode@4
                                  0000a639         8   func ,l         3
  __CommonCode@5
                                  0000a641         7   func ,l         4
  __CommonCode@6
                                  0000a648         9   func ,l         6
  __CommonCode@7
                                  0000a651         d   func ,l         6
  __CommonCode@8
                                  0000a65e         8   func ,l         a
  __CommonCode@9
                                  0000a666         c   func ,l         2
  __CommonCode@10
                                  0000a672         b   func ,l         2
  __CommonCode@11
                                  0000a67d        1d   func ,l         2
  __CommonCode@12
                                  0000a69a        18   func ,l         2
  __CommonCode@13
                                  0000a6b2         b   func ,l         4
  __CommonCode@14
                                  0000a6bd        1b   func ,l         2
  __CommonCode@15
                                  0000a6d8         f   func ,l         3
  __CommonCode@16
                                  0000a6e7        10   func ,l         2
  __CommonCode@17
                                  0000a6f7         6   func ,l         4
  __CommonCode@18
                                  0000a6fd         7   func ,l         3
  __CommonCode@19
                                  0000a704         b   func ,l         2
  __CommonCode@20
                                  0000a70f         a   func ,l         3
  __CommonCode@21
                                  0000a719         e   func ,l         2
  __CommonCode@22
                                  0000a727         a   func ,l         2
  __CommonCode@23
                                  0000a731        22   func ,l         2
  __CommonCode@24
                                  0000a753        45   func ,l         2
  __CommonCode@25
                                  0000a798        20   func ,l         2
  __CommonCode@26
                                  0000a7b8         a   func ,l         3
  __CommonCode@27
                                  0000a7c2         7   func ,l        10
  __CommonCode@28
                                  0000a7c9         7   func ,l         6
  __CommonCode@29
                                  0000a7d0         9   func ,l         9
  __CommonCode@30
                                  0000a7d9         7   func ,l         c
  __CommonCode@31
                                  0000a7e0         7   func ,l         3
  __CommonCode@32
                                  0000a7e7         b   func ,l         2
  __CommonCode@33
                                  0000a7f2         b   func ,l         2
  __CommonCode@34
                                  0000a7fd        14   func ,l         2
  __CommonCode@35
                                  0000a811        1b   func ,l         2
  __CommonCode@36
                                  0000a82c         c   func ,l         2
  __CommonCode@37
                                  0000a838         9   func ,l         3
  __CommonCode@38
                                  0000a841        12   func ,l         2
FILE=protection
                                  0000a853  0000a9d1       17f
  _init_prot
                                  0000a853         5   func ,g         1
  _prot_ctrl
                                  0000a858       17a   func ,g         1
FILE=ps_ctrl
                                  0000a9d2  0000ae21       450
  _ps_ctrl
                                  0000a9d2       3ed   func ,g         3
  __CommonCode@0
                                  0000adbf         5   func ,l         4
  __CommonCode@1
                                  0000adc4         e   func ,l         6
  __CommonCode@2
                                  0000add2         c   func ,l         2
  __CommonCode@3
                                  0000adde         9   func ,l         3
  __CommonCode@4
                                  0000ade7         f   func ,l         2
  __CommonCode@5
                                  0000adf6         c   func ,l         3
  __CommonCode@6
                                  0000ae02         b   func ,l         2
  __CommonCode@7
                                  0000ae0d        15   func ,l         2
FILE=sct_ctrl
                                  0000ae22  0000ba02       be1
  _init_sct_ctrl
                                  0000ae22        c4   func ,g         2
  _sct_ctrl
                                  0000aee6       332   func ,g         1
  _sc_stat_manual
                                  0000b218       1be   func ,g         1
  _sc_sw_pr
                                  0000b3d6        27   func ,g         2
  _sc_update_ipen
                                  0000b3fd        50   func ,g         1
  _sc_ipen_en
                                  0000b44d         e   func ,g         2
  _sc_vbus_deb_disable
                                  0000b45b        13   func ,g         6
  _sc_chk_port
                                  0000b46e       17d   func ,g         1
  _sc_restart_sct_en
                                  0000b5eb        3d   func ,g         2
  _sc_init_vbus_cur
                                  0000b628        1b   func ,g         2
  _sc_set_pd_contract
                                  0000b643         8   func ,g         2
  _sc_update_vbus
                                  0000b64b        38   func ,g         1
  _sc_update_nego_vbus
                                  0000b683        28   func ,g         5
  _sc_volt2th
                                  0000b6ab        54   func ,g         1
  _sc_reverse_try
                                  0000b6ff        3a   func ,g         2
  _sc_int_sct
                                  0000b739        be   func ,g         2
  _sc_chk_snk_open
                                  0000b7f7        26   func ,g         1
  _sc_chk_src_open
                                  0000b81d        18   func ,g         1
  _sc_con_port_reset
                                  0000b835        10   func ,g         4
  _sc_set_sink_tx
                                  0000b845        33   func ,g         5
  _sc_det_sink_tx
                                  0000b878         7   func ,g         1
  _sc_attwait_stop_en
                                  0000b87f        12   func ,g         4
  _sc_cc_sel_init
                                  0000b891        14   func ,g         3
  _sc_chg_scnt_stm
                                  0000b8a5         8   func ,g         5
  _sc_chk_stat_tgl
                                  0000b8ad        4f   func ,g         1
  _sc_chk_vrd_en
                                  0000b8fc        14   func ,g         1
  _sc_set_nonpd_cur
                                  0000b910        3c   func ,g         2
  __CommonCode@0
                                  0000b94c         e   func ,l         2
  __CommonCode@1
                                  0000b95a        10   func ,l         3
  __CommonCode@2
                                  0000b96a         b   func ,l         2
  __CommonCode@3
                                  0000b975        16   func ,l         2
  __CommonCode@4
                                  0000b98b         9   func ,l         4
  __CommonCode@5
                                  0000b994         7   func ,l         5
  __CommonCode@6
                                  0000b99b         7   func ,l         3
  __CommonCode@7
                                  0000b9a2         5   func ,l         4
  __CommonCode@8
                                  0000b9a7         7   func ,l         4
  __CommonCode@9
                                  0000b9ae         8   func ,l         3
  __CommonCode@10
                                  0000b9b6         7   func ,l         8
  __CommonCode@11
                                  0000b9bd         9   func ,l         6
  __CommonCode@12
                                  0000b9c6         7   func ,l         6
  __CommonCode@13
                                  0000b9cd         a   func ,l         5
  __CommonCode@14
                                  0000b9d7         9   func ,l         3
  __CommonCode@15
                                  0000b9e0        1a   func ,l         2
  __CommonCode@16
                                  0000b9fa         9   func ,l         3
FILE=timer_ctrl
                                  0000ba03  0000bb58       156
  _init_tau0
                                  0000ba03        4d   func ,g         1
  _tm_start_gtimer
                                  0000ba50        35   func ,g         3
  _tm_stop_gtimer
                                  0000ba85        1b   func ,g         8
  _tm_cntup_basecnt
                                  0000baa0         7   func ,g         2
  _tm_start_cnt
                                  0000baa7        29   func ,g         f
  _tm_stop_cnt
                                  0000bad0        38   func ,g        12
  _tm_check_cnt
                                  0000bb08        51   func ,g         d
FILE=util
                                  0000bb59  0000bbf4        9c
  _pd_mem_copy_byte
                                  0000bb59        22   func ,g         0
  _pd_mem_copy_word
                                  0000bb7b        22   func ,g        13
  _pd_mem_fill_byte
                                  0000bb9d        14   func ,g         5
  _pd_mem_fill_word
                                  0000bbb1        15   func ,g         7
  _pd_mem_chng_byte_order
                                  0000bbc6        2f   func ,g         0

SECTION=.jtext_ATFBFC
FILE=Obj\Release\cstart.obj
                                  0000fbfc  0000fbfd         2

SECTION=.bss_ATFF900
FILE=interrupt
                                  000ff900  000ff957        58
  _gulIntRoutine
                                  000ff900        58   data ,g         4

SECTION=.bss
FILE=Obj\Release\smbm_ctrl.obj
                                  000ff958  000ff963         c
  _gSmbmInfo
                                  000ff958         c   data ,g        33
    struct  {
                                                   c
      _gSmbmInfo.ucSmbmStatus
                                  000ff958         1   unsigned char
      _gSmbmInfo.ucSmbmCtrl
                                  000ff959         1   unsigned char
      _gSmbmInfo.ucSmbmError
                                  000ff95a         1   unsigned char
      _gSmbmInfo.ucAlertFlg
                                  000ff95b         1   unsigned char
      _gSmbmInfo.usSmbmTimeOut
                                  000ff95c         2   unsigned short
      _gSmbmInfo.usSmbmDataLen
                                  000ff95e         2   unsigned short
      _gSmbmInfo.pusSmbmData
                                  000ff960         4   [far pointer]
    }
FILE=Obj\Release\R_Main_UserInit.obj
                                  000ff964  000ff99b        38
  _gusRcvMess
                                  000ff964        1c   data ,g         1
  _gusSndMess
                                  000ff980        1c   data ,g         1
FILE=Obj\Release\dcdc_ctrl.obj
                                  000ff99c  000ff9ad        12
  _gDCInfo
                                  000ff99c        12   data ,g        be
    struct  {
                                                  12
      _gDCInfo.uReq
                                  000ff99c         2
    union   {
                                                   2
      _gDCInfo.uReq.bit
                                  000ff99c         2
    struct  {
                                                   2
      _gDCInfo.uReq.bit.bSrcOff
                                  000ff99c         2   unsigned short:1(7)
      _gDCInfo.uReq.bit.bSrcOn
                                  000ff99c         2   unsigned short:1(6)
      _gDCInfo.uReq.bit.bSrcChg
                                  000ff99c         2   unsigned short:1(5)
      _gDCInfo.uReq.bit.bSnkOff
                                  000ff99c         2   unsigned short:1(4)
      _gDCInfo.uReq.bit.bReserved1
                                  000ff99c         2   unsigned short:1(3)
      _gDCInfo.uReq.bit.bSnkOn
                                  000ff99c         2   unsigned short:1(2)
      _gDCInfo.uReq.bit.bSnkChg
                                  000ff99c         2   unsigned short:1(1)
      _gDCInfo.uReq.bit.bPoll
                                  000ff99c         2   unsigned short:1(0)
      _gDCInfo.uReq.bit.bClrAlert
                                  000ff99d         2   unsigned short:1(7)
      _gDCInfo.uReq.bit.bReserved
                                  000ff99d         2   unsigned short:7(0)
    }
      _gDCInfo.uReq.usData
                                  000ff99c         2   unsigned short
    }
      _gDCInfo.uNtfy
                                  000ff99e         2
    union   {
                                                   2
      _gDCInfo.uNtfy.bit
                                  000ff99e         2
    struct  {
                                                   2
      _gDCInfo.uNtfy.bit.bOtpAlert
                                  000ff99e         2   unsigned short:1(7)
      _gDCInfo.uNtfy.bit.bOcpAlert
                                  000ff99e         2   unsigned short:1(6)
      _gDCInfo.uNtfy.bit.bOvpAlert
                                  000ff99e         2   unsigned short:1(5)
      _gDCInfo.uNtfy.bit.bGetInfo
                                  000ff99e         2   unsigned short:1(4)
      _gDCInfo.uNtfy.bit.bBatteryAlert
                                  000ff99e         2   unsigned short:1(3)
      _gDCInfo.uNtfy.bit.bDcdcAlert
                                  000ff99e         2   unsigned short:1(2)
      _gDCInfo.uNtfy.bit.bReserved2
                                  000ff99e         2   unsigned short:5(5)
      _gDCInfo.uNtfy.bit.bUnexpected
                                  000ff99f         2   unsigned short:1(4)
      _gDCInfo.uNtfy.bit.bReserved3
                                  000ff99f         2   unsigned short:1(3)
      _gDCInfo.uNtfy.bit.bTrickleChange
                                  000ff99f         2   unsigned short:1(2)
      _gDCInfo.uNtfy.bit.bFullyCharge
                                  000ff99f         2   unsigned short:1(1)
      _gDCInfo.uNtfy.bit.bFullyDischarge
                                  000ff99f         2   unsigned short:1(0)
    }
      _gDCInfo.uNtfy.usData
                                  000ff99e         2   unsigned short
    }
      _gDCInfo.uSt
                                  000ff9a0         2
    union   {
                                                   2
      _gDCInfo.uSt.bit
                                  000ff9a0         2
    struct  {
                                                   2
      _gDCInfo.uSt.bit.bSubSt
                                  000ff9a0         2   unsigned short:8(0)
      _gDCInfo.uSt.bit.bSt
                                  000ff9a1         2   unsigned short:4(4)
      _gDCInfo.uSt.bit.bDcSt
                                  000ff9a1         2   unsigned short:4(0)
    }
      _gDCInfo.uSt.usData
                                  000ff9a0         2   unsigned short
    }
      _gDCInfo.usRegData
                                  000ff9a2         2   unsigned short
      _gDCInfo.usIntRegData
                                  000ff9a4         2   unsigned short
      _gDCInfo.usVolt
                                  000ff9a6         2   unsigned short
      _gDCInfo.usCur
                                  000ff9a8         2   unsigned short
      _gDCInfo.ucCmd
                                  000ff9aa         1   unsigned char
      _gDCInfo.ucInfo
                                  000ff9ab         1   unsigned char
      _gDCInfo.ucTrickeBkp
                                  000ff9ac         1   unsigned char
      _gDCInfo.ucTrickeCnt
                                  000ff9ad         1   unsigned char
    }
FILE=Obj\Release\led_ctrl.obj
                                  000ff9ae  000ff9af         2
  _gLed
                                  000ff9ae         2   data ,g         b
    struct  {
                                                   2
      _gLed.uReq
                                  000ff9ae         1
    union   {
                                                   1
      _gLed.uReq.bits
                                  000ff9ae         1
    struct  {
                                                   1
      _gLed.uReq.bits.bSrcEn
                                  000ff9ae         1   unsigned char:1(7)
      _gLed.uReq.bits.bSnkEn
                                  000ff9ae         1   unsigned char:1(6)
      _gLed.uReq.bits.bDis
                                  000ff9ae         1   unsigned char:1(5)
    }
      _gLed.uReq.ucData
                                  000ff9ae         1   unsigned char
    }
      _gLed.ucTypeCBlinkCnt
                                  000ff9af         1   unsigned char
    }
FILE=Obj\Release\sw_ctrl.obj
                                  000ff9b0  000ff9b1         2
  _gSW
                                  000ff9b0         2   data ,g         7
    struct  {
                                                   2
      _gSW.status
                                  000ff9b0         1   unsigned char
      _gSW.ucPress
                                  000ff9b1         1   unsigned char
    }
FILE=Obj\Release\user_main.obj
                                  000ff9b2  000ff9c4        13
  _gusTemp
                                  000ff9b2         2   data ,g         4
  _gucVdmFlg
                                  000ff9b4         1   data ,g         a
  _gucWaitSmbsCmdComp
                                  000ff9b5         1   data ,g         4
  _gucDrSwapMode_bak
                                  000ff9b6         1   data ,g         4
  _gucPrSwapMode_bak
                                  000ff9b7         1   data ,g         5
  _gucInputPwr_bak
                                  000ff9b8         1   data ,g         5
  _guCtrlCnf1_bak
                                  000ff9ba         2   data ,g         b
    union   {
                                                   2
      _guCtrlCnf1_bak.bit
                                  000ff9ba         2
    struct  {
                                                   2
      _guCtrlCnf1_bak.bit.bAutoAcptSwap_PR
                                  000ff9ba         2   unsigned short:1(7)
      _guCtrlCnf1_bak.bit.bAutoReqSwap_PR
                                  000ff9ba         2   unsigned short:1(6)
      _guCtrlCnf1_bak.bit.bIntrPwr
                                  000ff9ba         2   unsigned short:1(3)
      _guCtrlCnf1_bak.bit.bSnkPdoMax
                                  000ff9ba         2   unsigned short:3(0)
      _guCtrlCnf1_bak.bit.bAutoAcptSwap_DR
                                  000ff9bb         2   unsigned short:1(7)
      _guCtrlCnf1_bak.bit.bAutoReqSwap_DR
                                  000ff9bb         2   unsigned short:1(6)
      _guCtrlCnf1_bak.bit.bExtPwr
                                  000ff9bb         2   unsigned short:1(5)
      _guCtrlCnf1_bak.bit.bDisableSrc
                                  000ff9bb         2   unsigned short:1(3)
      _guCtrlCnf1_bak.bit.bDisableSnk
                                  000ff9bb         2   unsigned short:1(2)
      _guCtrlCnf1_bak.bit.bDisableDFP
                                  000ff9bb         2   unsigned short:1(1)
      _guCtrlCnf1_bak.bit.bDisableUFP
                                  000ff9bb         2   unsigned short:1(0)
    }
      _guCtrlCnf1_bak.usData
                                  000ff9ba         2   unsigned short
    }
  _guCtrlCnf2_bak
                                  000ff9bc         2   data ,g         d
    union   {
                                                   2
      _guCtrlCnf2_bak.bit
                                  000ff9bc         2
    struct  {
                                                   2
      _guCtrlCnf2_bak.bit.bSrcMaxPwr
                                  000ff9bc         2   unsigned short:a(6)
      _guCtrlCnf2_bak.bit.bExtPwrCnst
                                  000ff9bd         2   unsigned short:1(5)
      _guCtrlCnf2_bak.bit.bExtPwrACDC
                                  000ff9bd         2   unsigned short:1(4)
      _guCtrlCnf2_bak.bit.bIntrPwrType
                                  000ff9bd         2   unsigned short:1(3)
      _guCtrlCnf2_bak.bit.bSrcPdoMax
                                  000ff9bd         2   unsigned short:3(0)
    }
      _guCtrlCnf2_bak.usData
                                  000ff9bc         2   unsigned short
    }
  _usSmbsRdo_bak
                                  000ff9be         4   data ,g         8
  _gucWaiCmp
                                  000ff9c2         1   data ,g         8
  _gucOmfData
                                  000ff9c3         1   data ,g         1
  _gucReserved
                                  000ff9c4         1   data ,g         0
FILE=Obj\Release\isl95338.obj
                                  000ff9c6  000ff9c7         2
  _gIsl95338Info
                                  000ff9c6         2   data ,g         6
    struct  {
                                                   2
      _gIsl95338Info.ucSt
                                  000ff9c6         1   unsigned char
      _gIsl95338Info.ucAlertSt
                                  000ff9c7         1   unsigned char
    }
FILE=Obj\Release\subdev_ctrl.obj
                                  000ff9c8  000ff9cd         6
  _gSubdevInfo
                                  000ff9c8         4   data ,g        1b
    struct  {
                                                   4
      _gSubdevInfo.ucSubdevFlag
                                  000ff9c8         1   unsigned char
      _gSubdevInfo.ucSubdevHRFlag
                                  000ff9c9         1   unsigned char
      _gSubdevInfo.ucSubdevAlertFlag
                                  000ff9ca         1   unsigned char
      _gSubdevInfo.ucReserved
                                  000ff9cb         1   unsigned char
    }
  _gSubDevErr
                                  000ff9cc         2   data ,g        18
    struct  {
                                                   2
      _gSubDevErr.ucSubdev
                                  000ff9cc         1   unsigned char
      _gSubDevErr.ucError
                                  000ff9cd         1   unsigned char
    }
FILE=pd_main
                                  000ff9ce  000ffb93       1c6
  _RM_SCNT_MODE1_LW
                                  000ff9ce         2   data ,g         6
  _RM_SCNT_MODE1_HW
                                  000ff9d0         2   data ,g        33
  _gPmInfo
                                  000ff9d2        90   data ,g       286
    struct  {
                                                  90
      _gPmInfo.uCurRdo
                                  000ff9d2         4
    union   {
                                                   4
      _gPmInfo.uCurRdo.bit
                                  000ff9d2         4
    struct  {
                                                   4
      _gPmInfo.uCurRdo.bit.bMinMax
                                  000ff9d2         4   unsigned long:a(6)
      _gPmInfo.uCurRdo.bit.bOpr
                                  000ff9d3         4   unsigned long:a(4)
      _gPmInfo.uCurRdo.bit.bUnChkSprt
                                  000ff9d4         4   unsigned long:1(0)
      _gPmInfo.uCurRdo.bit.bNoSusp
                                  000ff9d5         4   unsigned long:1(7)
      _gPmInfo.uCurRdo.bit.bUSBComm
                                  000ff9d5         4   unsigned long:1(6)
      _gPmInfo.uCurRdo.bit.bMissCap
                                  000ff9d5         4   unsigned long:1(5)
      _gPmInfo.uCurRdo.bit.bGB
                                  000ff9d5         4   unsigned long:1(4)
      _gPmInfo.uCurRdo.bit.bObjPos
                                  000ff9d5         4   unsigned long:3(1)
    }
      _gPmInfo.uCurRdo.bit_pps
                                  000ff9d2         4
    struct  {
                                                   4
      _gPmInfo.uCurRdo.bit_pps.bCur
                                  000ff9d2         4   unsigned long:7(1)
      _gPmInfo.uCurRdo.bit_pps.bVolt
                                  000ff9d3         4   unsigned long:b(4)
      _gPmInfo.uCurRdo.bit_pps.bUnChkSprt
                                  000ff9d4         4   unsigned long:1(0)
      _gPmInfo.uCurRdo.bit_pps.bNoSusp
                                  000ff9d5         4   unsigned long:1(7)
      _gPmInfo.uCurRdo.bit_pps.bUSBComm
                                  000ff9d5         4   unsigned long:1(6)
      _gPmInfo.uCurRdo.bit_pps.bMissCap
                                  000ff9d5         4   unsigned long:1(5)
      _gPmInfo.uCurRdo.bit_pps.bObjPos
                                  000ff9d5         4   unsigned long:3(1)
    }
      _gPmInfo.uCurRdo.ucData
                                  000ff9d2         4   unsigned char
      _gPmInfo.uCurRdo.usData
                                  000ff9d2         4   unsigned short
      _gPmInfo.uCurRdo.ulData
                                  000ff9d2         4   unsigned long
    }
      _gPmInfo.uCurPdo
                                  000ff9d6         4
    union   {
                                                   4
      _gPmInfo.uCurPdo.stFixSrc
                                  000ff9d6         4
    struct  {
                                                   4
      _gPmInfo.uCurPdo.stFixSrc.bMaxCur
                                  000ff9d6         4   unsigned long:a(6)
      _gPmInfo.uCurPdo.stFixSrc.bVolt
                                  000ff9d7         4   unsigned long:a(4)
      _gPmInfo.uCurPdo.stFixSrc.bPeakCur
                                  000ff9d8         4   unsigned long:2(2)
      _gPmInfo.uCurPdo.stFixSrc.bUnChkSprt
                                  000ff9d9         4   unsigned long:1(7)
      _gPmInfo.uCurPdo.stFixSrc.bDrSwap
                                  000ff9d9         4   unsigned long:1(6)
      _gPmInfo.uCurPdo.stFixSrc.bUsbComm
                                  000ff9d9         4   unsigned long:1(5)
      _gPmInfo.uCurPdo.stFixSrc.bExtPwr
                                  000ff9d9         4   unsigned long:1(4)
      _gPmInfo.uCurPdo.stFixSrc.bSuspend
                                  000ff9d9         4   unsigned long:1(3)
      _gPmInfo.uCurPdo.stFixSrc.bDrp
                                  000ff9d9         4   unsigned long:1(2)
      _gPmInfo.uCurPdo.stFixSrc.bSupply
                                  000ff9d9         4   unsigned long:2(0)
    }
      _gPmInfo.uCurPdo.stFixSnk
                                  000ff9d6         4
    struct  {
                                                   4
      _gPmInfo.uCurPdo.stFixSnk.bOpeCur
                                  000ff9d6         4   unsigned long:a(6)
      _gPmInfo.uCurPdo.stFixSnk.bVolt
                                  000ff9d7         4   unsigned long:a(4)
      _gPmInfo.uCurPdo.stFixSnk.bFrSwap
                                  000ff9d8         4   unsigned long:2(7)
      _gPmInfo.uCurPdo.stFixSnk.bDrSwap
                                  000ff9d9         4   unsigned long:1(6)
      _gPmInfo.uCurPdo.stFixSnk.bUsbComm
                                  000ff9d9         4   unsigned long:1(5)
      _gPmInfo.uCurPdo.stFixSnk.bExtPwr
                                  000ff9d9         4   unsigned long:1(4)
      _gPmInfo.uCurPdo.stFixSnk.bHiCap
                                  000ff9d9         4   unsigned long:1(3)
      _gPmInfo.uCurPdo.stFixSnk.bDrp
                                  000ff9d9         4   unsigned long:1(2)
      _gPmInfo.uCurPdo.stFixSnk.bSupply
                                  000ff9d9         4   unsigned long:2(0)
    }
      _gPmInfo.uCurPdo.stVarSrc
                                  000ff9d6         4
    struct  {
                                                   4
      _gPmInfo.uCurPdo.stVarSrc.bMaxCur
                                  000ff9d6         4   unsigned long:a(6)
      _gPmInfo.uCurPdo.stVarSrc.bMinVolt
                                  000ff9d7         4   unsigned long:a(4)
      _gPmInfo.uCurPdo.stVarSrc.bMaxVolt
                                  000ff9d8         4   unsigned long:a(2)
      _gPmInfo.uCurPdo.stVarSrc.bSupply
                                  000ff9d9         4   unsigned long:2(0)
    }
      _gPmInfo.uCurPdo.stVarSnk
                                  000ff9d6         4
    struct  {
                                                   4
[...]
                                  000ffe4f         1   unsigned char:1(6)
      _gPdmInfo.uPdmStat.bit.bRcvChkPe
                                  000ffe4f         1   unsigned char:1(5)
      _gPdmInfo.uPdmStat.bit.bPdConnect
                                  000ffe4f         1   unsigned char:1(4)
      _gPdmInfo.uPdmStat.bit.bUnChkSprt
                                  000ffe4f         1   unsigned char:1(3)
      _gPdmInfo.uPdmStat.bit.bReqSndChk
                                  000ffe4f         1   unsigned char:1(2)
      _gPdmInfo.uPdmStat.bit.bRcvChkReq
                                  000ffe4f         1   unsigned char:1(1)
      _gPdmInfo.uPdmStat.bit.bRcvMess
                                  000ffe4f         1   unsigned char:1(0)
    }
      _gPdmInfo.uPdmStat.data
                                  000ffe4f         1   unsigned char
    }
      _gPdmInfo.ucRcvObjNum
                                  000ffe50         2   unsigned char
      _gPdmInfo.ucSndObjNum
                                  000ffe52         2   unsigned char
      _gPdmInfo.usRcvObj
                                  000ffe54        38   unsigned short
      _gPdmInfo.usSndObj
                                  000ffe8c        38   unsigned short
      _gPdmInfo.usProStaHw_Bak
                                  000ffec4         2   unsigned short
      _gPdmInfo.ucTxSpecSOP
                                  000ffec6         1   unsigned char
      _gPdmInfo.ucTxSpecSOPP
                                  000ffec7         1   unsigned char
    }
  _gPdCore
                                  000ffec8        16   data ,g        ee
    struct  {
                                                  16
      _gPdCore.uPdSctConf
                                  000ffec8         2
    union   {
                                                   2
      _gPdCore.uPdSctConf.bit
                                  000ffec8         2
    struct  {
                                                   2
      _gPdCore.uPdSctConf.bit.bTryMode
                                  000ffec8         2   unsigned short:1(7)
      _gPdCore.uPdSctConf.bit.bTry
                                  000ffec8         2   unsigned short:1(6)
      _gPdCore.uPdSctConf.bit.bSnk
                                  000ffec8         2   unsigned short:1(5)
      _gPdCore.uPdSctConf.bit.bSrc
                                  000ffec8         2   unsigned short:1(4)
      _gPdCore.uPdSctConf.bit.bUfp
                                  000ffec8         2   unsigned short:1(3)
      _gPdCore.uPdSctConf.bit.bDfp
                                  000ffec8         2   unsigned short:1(2)
      _gPdCore.uPdSctConf.bit.bSwapEn
                                  000ffec8         2   unsigned short:1(1)
      _gPdCore.uPdSctConf.bit.bNonPD
                                  000ffec8         2   unsigned short:1(0)
      _gPdCore.uPdSctConf.bit.bVconnSprt
                                  000ffec9         2   unsigned short:1(7)
      _gPdCore.uPdSctConf.bit.bPwrAcs
                                  000ffec9         2   unsigned short:1(6)
      _gPdCore.uPdSctConf.bit.bDebugAcs
                                  000ffec9         2   unsigned short:1(5)
      _gPdCore.uPdSctConf.bit.bAudioAcs
                                  000ffec9         2   unsigned short:1(4)
      _gPdCore.uPdSctConf.bit.bDrd
                                  000ffec9         2   unsigned short:1(2)
      _gPdCore.uPdSctConf.bit.bDrp
                                  000ffec9         2   unsigned short:1(1)
      _gPdCore.uPdSctConf.bit.bToggle
                                  000ffec9         2   unsigned short:1(0)
    }
      _gPdCore.uPdSctConf.usData
                                  000ffec8         2   unsigned short
    }
      _gPdCore.uPdSrcConf
                                  000ffeca         2
    union   {
                                                   2
      _gPdCore.uPdSrcConf.bit
                                  000ffeca         2
    struct  {
                                                   2
      _gPdCore.uPdSrcConf.bit.bMaxPwr
                                  000ffeca         2   unsigned short:a(6)
      _gPdCore.uPdSrcConf.bit.bMaxPdo
                                  000ffecb         2   unsigned short:3(3)
      _gPdCore.uPdSrcConf.bit.bNoPdCur
                                  000ffecb         2   unsigned short:2(1)
      _gPdCore.uPdSrcConf.bit.bIntrusive
                                  000ffecb         2   unsigned short:1(0)
    }
      _gPdCore.uPdSrcConf.usData
                                  000ffeca         2   unsigned short
    }
      _gPdCore.uPdSnkConf
                                  000ffecc         2
    union   {
                                                   2
      _gPdCore.uPdSnkConf.bit
                                  000ffecc         2
    struct  {
                                                   2
      _gPdCore.uPdSnkConf.bit.bMaxPwr
                                  000ffecc         2   unsigned short:a(6)
      _gPdCore.uPdSnkConf.bit.bMaxPdo
                                  000ffecd         2   unsigned short:3(3)
      _gPdCore.uPdSnkConf.bit.bIntrusive
                                  000ffecd         2   unsigned short:1(0)
    }
      _gPdCore.uPdSnkConf.usData
                                  000ffecc         2   unsigned short
    }
      _gPdCore.uPdSysConf
                                  000ffece         2
    union   {
                                                   2
      _gPdCore.uPdSysConf.bit
                                  000ffece         2
    struct  {
                                                   2
      _gPdCore.uPdSysConf.bit.bAutoDrSwap
                                  000ffece         2   unsigned short:2(6)
      _gPdCore.uPdSysConf.bit.bAutoPrSwap
                                  000ffece         2   unsigned short:2(4)
      _gPdCore.uPdSysConf.bit.bFrSwap
                                  000ffece         2   unsigned short:2(2)
      _gPdCore.uPdSysConf.bit.bDisAutoVcSwap
                                  000ffece         2   unsigned short:1(1)
      _gPdCore.uPdSysConf.bit.bChkMode
                                  000ffece         2   unsigned short:1(0)
      _gPdCore.uPdSysConf.bit.bUnCnstPwr
                                  000ffecf         2   unsigned short:1(7)
      _gPdCore.uPdSysConf.bit.bExtPwr
                                  000ffecf         2   unsigned short:1(6)
      _gPdCore.uPdSysConf.bit.bExtPwrType
                                  000ffecf         2   unsigned short:1(5)
      _gPdCore.uPdSysConf.bit.bIntrPwr
                                  000ffecf         2   unsigned short:1(4)
      _gPdCore.uPdSysConf.bit.bIntrPwrType
                                  000ffecf         2   unsigned short:1(3)
      _gPdCore.uPdSysConf.bit.bOverCur
                                  000ffecf         2   unsigned short:1(2)
      _gPdCore.uPdSysConf.bit.bOverVolt
                                  000ffecf         2   unsigned short:1(1)
      _gPdCore.uPdSysConf.bit.bOverTemp
                                  000ffecf         2   unsigned short:1(0)
    }
      _gPdCore.uPdSysConf.usData
                                  000ffece         2   unsigned short
    }
      _gPdCore.uPdStatus
                                  000ffed0         2
    union   {
                                                   2
      _gPdCore.uPdStatus.bit
                                  000ffed0         2
    struct  {
                                                   2
      _gPdCore.uPdStatus.bit.bPlug
                                  000ffed0         2   unsigned short:1(7)
      _gPdCore.uPdStatus.bit.bPR
                                  000ffed0         2   unsigned short:1(6)
      _gPdCore.uPdStatus.bit.bDR
                                  000ffed0         2   unsigned short:1(5)
      _gPdCore.uPdStatus.bit.bCc
                                  000ffed0         2   unsigned short:1(4)
      _gPdCore.uPdStatus.bit.bSOPP
                                  000ffed0         2   unsigned short:1(3)
      _gPdCore.uPdStatus.bit.bSOPPP
                                  000ffed0         2   unsigned short:1(2)
      _gPdCore.uPdStatus.bit.bComRevPDC
                                  000ffed0         2   unsigned short:1(1)
      _gPdCore.uPdStatus.bit.bComRevCP
                                  000ffed0         2   unsigned short:1(0)
      _gPdCore.uPdStatus.bit.bNonPD
                                  000ffed1         2   unsigned short:1(7)
      _gPdCore.uPdStatus.bit.bMissCap
                                  000ffed1         2   unsigned short:1(6)
      _gPdCore.uPdStatus.bit.bRjctNego
                                  000ffed1         2   unsigned short:1(5)
      _gPdCore.uPdStatus.bit.bPwrAcs
                                  000ffed1         2   unsigned short:1(4)
      _gPdCore.uPdStatus.bit.bDebugAcs
                                  000ffed1         2   unsigned short:1(3)
      _gPdCore.uPdStatus.bit.bAudioAcs
                                  000ffed1         2   unsigned short:1(2)
      _gPdCore.uPdStatus.bit.bPwrTrans
                                  000ffed1         2   unsigned short:1(1)
      _gPdCore.uPdStatus.bit.bRdyIdle
                                  000ffed1         2   unsigned short:1(0)
    }
      _gPdCore.uPdStatus.usData
                                  000ffed0         2   unsigned short
    }
      _gPdCore.uPdCtrl
                                  000ffed2         2
    union   {
                                                   2
      _gPdCore.uPdCtrl.bit
                                  000ffed2         2
    struct  {
                                                   2
      _gPdCore.uPdCtrl.bit.bCmd
                                  000ffed2         2   unsigned short:8(0)
      _gPdCore.uPdCtrl.bit.bTarget
                                  000ffed3         2   unsigned short:2(6)
      _gPdCore.uPdCtrl.bit.bLastResult
                                  000ffed3         2   unsigned short:4(2)
    }
      _gPdCore.uPdCtrl.usData
                                  000ffed2         2   unsigned short
    }
      _gPdCore.uPdFlg
                                  000ffed4         1
    union   {
                                                   1
      _gPdCore.uPdFlg.bit
                                  000ffed4         1
    struct  {
                                                   1
      _gPdCore.uPdFlg.bit.bPpsRTF
                                  000ffed4         1   unsigned char:3(5)
      _gPdCore.uPdFlg.bit.bTemperatureStatus
                                  000ffed4         1   unsigned char:2(3)
    }
      _gPdCore.uPdFlg.ucData
                                  000ffed4         1   unsigned char
    }
      _gPdCore.ucActive
                                  000ffed5         1   unsigned char
      _gPdCore.ucPpsCur
                                  000ffed6         1   unsigned char
      _gPdCore.ucInputBat
                                  000ffed7         1   unsigned char
      _gPdCore.usReqVolt
                                  000ffed8         2   unsigned short
      _gPdCore.usReqCur
                                  000ffeda         2   unsigned short
      _gPdCore.ucTemperature
                                  000ffedc         1   unsigned char
      _gPdCore.ucPowerStatus
                                  000ffedd         1   unsigned char
    }
  _gProtInfo
                                  000ffede         2   data ,g        21
    union   {
                                                   2
      _gProtInfo.bit
                                  000ffede         2
    struct  {
                                                   2
      _gProtInfo.bit.bOcpSetFlg
                                  000ffede         2   unsigned short:1(7)
      _gProtInfo.bit.bOcpClrFlg
                                  000ffede         2   unsigned short:1(6)
      _gProtInfo.bit.bOcpLock
                                  000ffede         2   unsigned short:1(5)
      _gProtInfo.bit.bOverCur_Bak
                                  000ffede         2   unsigned short:1(4)
      _gProtInfo.bit.bOvpSetFlg
                                  000ffede         2   unsigned short:1(3)
      _gProtInfo.bit.bOvpClrFlg
                                  000ffede         2   unsigned short:1(2)
      _gProtInfo.bit.bOvpLock
                                  000ffede         2   unsigned short:1(1)
      _gProtInfo.bit.bOverVolt_Bak
                                  000ffede         2   unsigned short:1(0)
      _gProtInfo.bit.bOtpSetFlg
                                  000ffedf         2   unsigned short:1(7)
      _gProtInfo.bit.bOtpClrFlg
                                  000ffedf         2   unsigned short:1(6)
      _gProtInfo.bit.bOtpLock
                                  000ffedf         2   unsigned short:1(5)
      _gProtInfo.bit.bOverTemp_Bak
                                  000ffedf         2   unsigned short:1(4)
      _gProtInfo.bit.bSetProt
                                  000ffedf         2   unsigned short:1(3)
      _gProtInfo.bit.bClrProt
                                  000ffedf         2   unsigned short:1(2)
      _gProtInfo.bit.bProtLock
                                  000ffedf         2   unsigned short:1(1)
      _gProtInfo.bit.bProtReset
                                  000ffedf         2   unsigned short:1(0)
    }
      _gProtInfo.bit4
                                  000ffede         2
    struct  {
                                                   2
      _gProtInfo.bit4.bOcpFlg
                                  000ffede         2   unsigned short:4(4)
      _gProtInfo.bit4.bOvpFlg
                                  000ffede         2   unsigned short:4(0)
      _gProtInfo.bit4.bOtpFlg
                                  000ffedf         2   unsigned short:4(4)
      _gProtInfo.bit4.bProtFlg
                                  000ffedf         2   unsigned short:4(0)
    }
      _gProtInfo.usData
                                  000ffede         2   unsigned short
    }

Absolute value symbols
FILE=Obj\Release\isl95338.obj
  @$IMM_2A
                                  0000002a         0   none ,l         1
FILE=pol_eng
  @$IMM_1C
                                  0000001c         0   none ,l         1
  @$IMM_1A
                                  0000001a         0   none ,l         1
FILE=rlink_generates_04
  __s.text
                                  00002261         0   none ,g         0
  __e.text
                                  000023cd         0   none ,g         0
  __s.textf
                                  000023eb         0   none ,g         0
  __e.textf
                                  0000bbf5         0   none ,g         0
  __s.const
                                  00002010         0   none ,g         0
  __e.const
                                  00002261         0   none ,g         0
  __s.constf
                                  0000bbf6         0   none ,g         0
  __e.constf
                                  0000bbf6         0   none ,g         0
  __s.data
                                  0000bbf6         0   none ,g         0
  __e.data
                                  0000bbf6         0   none ,g         0
  __s.sdata
                                  0000bbf6         0   none ,g         0
  __e.sdata
                                  0000bbf6         0   none ,g         0
  __s.bss
                                  000ff958         0   none ,g         0
  __e.bss
                                  000ffbac         0   none ,g         0
  __s.sbss
                                  000ffe20         0   none ,g         0
  __e.sbss
                                  000ffee0         0   none ,g         0
  __s.dataR
                                  000ff958         0   none ,g         0
  __e.dataR
                                  000ff958         0   none ,g         0
  __s.sdataR
                                  000ffe20         0   none ,g         0
  __e.sdataR
                                  000ffe20         0   none ,g         0
  __s.stack_bss
                                  000ffda0         0   none ,g         0
  __e.stack_bss
                                  000ffe20         0   none ,g         0
  __s.RLIB
                                  000023cd         0   none ,g         0
  __e.RLIB
                                  000023eb         0   none ,g         0
  __s.SLIB
                                  000023eb         0   none ,g         0
  __e.SLIB
                                  000023eb         0   none ,g         0
  __s.jtext_AT2000
                                  00002000         0   none ,g         0
  __e.jtext_AT2000
                                  0000200e         0   none ,g         0
  __s.jtext_ATFBFC
                                  0000fbfc         0   none ,g         0
  __e.jtext_ATFBFC
                                  0000fbfe         0   none ,g         0
  __s.bss_ATFF900
                                  000ff900         0   none ,g         0
  __e.bss_ATFF900
                                  000ff958         0   none ,g         0
  __s.option_byte
                                  000000c0         0   none ,g         0
  __e.option_byte
                                  000000c4         0   none ,g         0
  __s.security_id
                                  000000c4         0   none ,g         0
  __e.security_id
                                  000000ce         0   none ,g         0
  __s.vect
                                  00000000         0   none ,g         0
  __e.vect
                                  00000080         0   none ,g         0
  __RAM_ADDR_START
                                  000ff900         0   none ,g         0
  __RAM_ADDR_END
                                  000ffee0         0   none ,g         0
  __STACK_ADDR_START
                                  000ffda0         0   none ,g         0
  __STACK_ADDR_END
                                  000ffbac         0   none ,g         0

*** Unfilled Areas ***

AREA                                START    END

*** Delete Symbols ***

SYMBOL                                SIZE    INFO

*** Variable Vector Table List ***

ADDRESS  SYMBOL/ADDRESS
00       _start
02       
04       
06       
08       _r_INTP0_interrupt@1
0a       _r_INTP1_interrupt@1
0c       _r_INTP2_interrupt@1
0e       _r_INTP3_interrupt@1
10       _r_INTP4_interrupt@1
12       _r_INTP5_interrupt@1
14       _r_INTP6_interrupt@1
16       
18       
1a       
1c       
1e       
20       _r_INTTM00_interrupt@1
22       
24       
26       
28       
2a       _r_INTTM01_interrupt@1
2c       _r_INTTM02_interrupt@1
2e       _r_INTTM03_interrupt@1
30       
32       
34       _r_INTAD_interrupt@1
36       
38       _r_INTIT_interrupt@1
3a       
3c       _r_PDCTRL_interrupt@1
3e       _r_INTSMBMST_interrupt@1
40       _r_INTSMBLSV_interrupt@1
42       _r_INTTCSCNT_interrupt@1
44       
46       
48       
4a       
4c       _r_INTP7_interrupt@1
4e       _r_INTIICA0_interrupt@1
50       
52       
54       
56       
58       
5a       
5c       
5e       
60       
62       
64       
66       
68       
6a       
6c       
6e       
70       
72       
74       
76       
78       
7a       
7c       
7e       
